// Jest Snapshot v1, https://goo.gl/fbAQLP

exports[`Metrics matches snapshot 1`] = `
<div
  className="container"
>
  <DashboardTitle
    formSetValue={[Function]}
    formWatch={[Function]}
    runtimeName="runtimeName"
    versionName="versionName"
  />
  <Charts
    data={Object {}}
    expanded=""
    toggleExpanded={[Function]}
  />
</div>
`;
