// Jest Snapshot v1, https://goo.gl/fbAQLP

exports[`Metrics matches snapshot 1`] = `
<div
  className="container"
>
  <DashboardTitle
    runtimeName="runtimeName"
    versionName="versionName"
  />
  <div
    className="content"
  >
    <div
      className="wrapper"
      style={
        Object {
          "height": "100%",
        }
      }
    >
      <Component
        separatorProps={
          Object {
            "className": "separatorRow",
          }
        }
      >
        <Styled(Styled(Component))
          className="row"
          disabled={true}
          initialHeight={165}
          style={
            Object {
              "maxHeight": "165px",
            }
          }
        >
          <GeneralInfo
            data={
              Object {
                "accuracy": Object {
                  "macro": 67,
                  "micro": 70,
                  "total": 70,
                  "weighted": 69,
                },
                "labels": 4,
                "null": 5,
                "stdev": 4,
              }
            }
          />
        </Styled(Styled(Component))>
        <Styled(Styled(Component))
          className="row"
          initialHeight={400}
          style={
            Object {
              "marginTop": "25px",
              "maxHeight": "400px",
            }
          }
          top={false}
        >
          <ConfusionMatrixBox
            data={
              Array [
                Object {
                  "value": 84,
                  "x": "low",
                  "y": "low",
                },
                Object {
                  "value": 19,
                  "x": "low",
                  "y": "mid",
                },
                Object {
                  "value": 4,
                  "x": "low",
                  "y": "high",
                },
                Object {
                  "value": 3,
                  "x": "low",
                  "y": "lux",
                },
                Object {
                  "value": 15,
                  "x": "mid",
                  "y": "low",
                },
                Object {
                  "value": 65,
                  "x": "mid",
                  "y": "mid",
                },
                Object {
                  "value": 36,
                  "x": "mid",
                  "y": "high",
                },
                Object {
                  "value": 12,
                  "x": "mid",
                  "y": "lux",
                },
                Object {
                  "value": 1,
                  "x": "high",
                  "y": "low",
                },
                Object {
                  "value": 15,
                  "x": "high",
                  "y": "mid",
                },
                Object {
                  "value": 57,
                  "x": "high",
                  "y": "high",
                },
                Object {
                  "value": 47,
                  "x": "high",
                  "y": "lux",
                },
                Object {
                  "value": 0,
                  "x": "lux",
                  "y": "low",
                },
                Object {
                  "value": 0,
                  "x": "lux",
                  "y": "mid",
                },
                Object {
                  "value": 3,
                  "x": "lux",
                  "y": "high",
                },
                Object {
                  "value": 38,
                  "x": "lux",
                  "y": "lux",
                },
              ]
            }
            nodeId="r2"
            toggleExpanded={[Function]}
          />
        </Styled(Styled(Component))>
        <Styled(Styled(Component))
          className="row"
          initialHeight={400}
          style={
            Object {
              "maxHeight": 707,
            }
          }
        >
          <LabelStats
            data={
              Array [
                Object {
                  "data": Array [
                    Object {
                      "x": 83,
                      "y": "low",
                    },
                    Object {
                      "x": 62,
                      "y": "mid",
                    },
                    Object {
                      "x": 59,
                      "y": "high",
                    },
                    Object {
                      "x": 63,
                      "y": "lux",
                    },
                  ],
                  "title": "Accuracy",
                },
                Object {
                  "data": Array [
                    Object {
                      "x": 86,
                      "y": "low",
                    },
                    Object {
                      "x": 66,
                      "y": "mid",
                    },
                    Object {
                      "x": 58,
                      "y": "high",
                    },
                    Object {
                      "x": 38,
                      "y": "lux",
                    },
                  ],
                  "title": "Recall",
                },
                Object {
                  "data": Array [
                    Object {
                      "x": 3230,
                      "y": "low",
                    },
                    Object {
                      "x": 2684,
                      "y": "mid",
                    },
                    Object {
                      "x": 1501,
                      "y": "high",
                    },
                    Object {
                      "x": 253,
                      "y": "lux",
                    },
                  ],
                  "title": "Support",
                },
              ]
            }
            nodeId="r3"
            toggleExpanded={[Function]}
          />
        </Styled(Styled(Component))>
        <Styled(Styled(Component))
          className="row"
          initialHeight={178.5}
          style={
            Object {
              "maxHeight": 707,
            }
          }
        >
          <Accuracy
            data={
              Array [
                Object {
                  "x": "0:00",
                  "y": 40,
                },
                Object {
                  "x": "2:00",
                  "y": 18,
                },
                Object {
                  "x": "4:00",
                  "y": 5,
                },
                Object {
                  "x": "6:00",
                  "y": 4,
                },
                Object {
                  "x": "8:00",
                  "y": 12,
                },
                Object {
                  "x": "10:00",
                  "y": 56,
                },
                Object {
                  "x": "12:00",
                  "y": 60,
                },
                Object {
                  "x": "14:00",
                  "y": 62,
                },
                Object {
                  "x": "16:00",
                  "y": 45,
                },
                Object {
                  "x": "18:00",
                  "y": 87,
                },
                Object {
                  "x": "20:00",
                  "y": 72,
                },
                Object {
                  "x": "22:00",
                  "y": 60,
                },
                Object {
                  "x": "24:00",
                  "y": 55,
                },
              ]
            }
            nodeId="r4"
            toggleExpanded={[Function]}
          />
        </Styled(Styled(Component))>
      </Component>
    </div>
  </div>
</div>
`;
