// Jest Snapshot v1, https://goo.gl/fbAQLP

exports[`Metrics matches snapshot 1`] = `
<div
  className="container"
>
  <DashboardTitle
    onChange={[Function]}
    runtimeName="runtimeName"
    summit={[Function]}
    value={[Function]}
    versionName="versionName"
  />
  <Charts
    data={Object {}}
    expanded=""
    toggleExpanded={[Function]}
  />
</div>
`;
