// Jest Snapshot v1, https://goo.gl/fbAQLP

exports[`ItemList matches snapshot 1`] = `
<Fragment>
  <div
    className="row"
    key="domain.1"
  >
    <p
      className="itemPosition"
    >
      1
    </p>
    <p
      className="itemName"
      data-testid="itemListName0"
    >
      domain.1
    </p>
    <div
      className="removeButton"
      data-testid="itemListRemove0"
      onClick={[Function]}
    >
      <DeleteIcon
        className="icon-regular"
      />
    </div>
  </div>
  <div
    className="row"
    key="domain.2"
  >
    <p
      className="itemPosition"
    >
      2
    </p>
    <p
      className="itemName"
      data-testid="itemListName1"
    >
      domain.2
    </p>
    <div
      className="removeButton"
      data-testid="itemListRemove1"
      onClick={[Function]}
    >
      <DeleteIcon
        className="icon-regular"
      />
    </div>
  </div>
  <div
    className="row"
    key="domain.3.sample"
  >
    <p
      className="itemPosition"
    >
      3
    </p>
    <p
      className="itemName"
      data-testid="itemListName2"
    >
      domain.3.sample
    </p>
    <div
      className="removeButton"
      data-testid="itemListRemove2"
      onClick={[Function]}
    >
      <DeleteIcon
        className="icon-regular"
      />
    </div>
  </div>
</Fragment>
`;
