// Jest Snapshot v1, https://goo.gl/fbAQLP

exports[`VersionMenu matches snapshot 1`] = `
<BrowserRouter>
  <Router
    history={
      Object {
        "action": "POP",
        "block": [Function],
        "createHref": [Function],
        "go": [Function],
        "goBack": [Function],
        "goForward": [Function],
        "length": 1,
        "listen": [Function],
        "location": Object {
          "hash": "",
          "pathname": "/",
          "search": "",
          "state": undefined,
        },
        "push": [Function],
        "replace": [Function],
      }
    }
  >
    <VersionMenu
      runtime={
        Object {
          "__typename": "Runtime",
          "creationDate": "creationDate",
          "databaseUrl": "databaseUrl",
          "description": "Some Description",
          "entrypointAddress": "entrypointAddress",
          "id": "runtimeId",
          "measurementsUrl": "measurementsUrl",
          "name": "runtimeName",
        }
      }
      version={
        Object {
          "__typename": "Version",
          "config": Object {
            "__typename": "VersionUserConfig",
            "completed": false,
          },
          "creationAuthor": Object {
            "__typename": "User",
            "email": "user@domain.com",
            "id": "userId",
          },
          "creationDate": "2020/01/01",
          "description": "versionDescription",
          "errors": Array [],
          "hasDoc": false,
          "id": "versionId",
          "name": "versionName",
          "publicationAuthor": Object {
            "__typename": "User",
            "email": "user@domain.com",
            "id": "userId",
          },
          "publicationDate": "2020/01/01",
          "status": "STARTED",
        }
      }
    >
      <div
        className="wrapper"
        data-testid="sidebarLinks"
      >
        <VersionMenuItem
          Icon={
            Object {
              "$$typeof": Symbol(react.memo),
              "compare": null,
              "type": Object {
                "$$typeof": Symbol(react.forward_ref),
                "render": [Function],
              },
            }
          }
          exact={false}
          key="STATUS-/runtimes/runtimeId/versions/versionName/status"
          label="STATUS"
          to="/runtimes/runtimeId/versions/versionName/status"
        >
          <NavLink
            activeClassName="active"
            exact={false}
            replace={true}
            to="/runtimes/runtimeId/versions/versionName/status"
          >
            <Link
              aria-current={null}
              replace={true}
              to={
                Object {
                  "hash": "",
                  "pathname": "/runtimes/runtimeId/versions/versionName/status",
                  "search": "",
                  "state": null,
                }
              }
            >
              <LinkAnchor
                aria-current={null}
                href="/runtimes/runtimeId/versions/versionName/status"
                navigate={[Function]}
              >
                <a
                  aria-current={null}
                  href="/runtimes/runtimeId/versions/versionName/status"
                  onClick={[Function]}
                >
                  <div
                    className="item"
                  >
                    <div
                      className="icon"
                    >
                      <ForwardRef(DeviceHubIcon)
                        className="icon-regular"
                      >
                        <WithStyles(ForwardRef(SvgIcon))
                          className="icon-regular"
                        >
                          <ForwardRef(SvgIcon)
                            className="icon-regular"
                            classes={
                              Object {
                                "colorAction": "MuiSvgIcon-colorAction",
                                "colorDisabled": "MuiSvgIcon-colorDisabled",
                                "colorError": "MuiSvgIcon-colorError",
                                "colorPrimary": "MuiSvgIcon-colorPrimary",
                                "colorSecondary": "MuiSvgIcon-colorSecondary",
                                "fontSizeInherit": "MuiSvgIcon-fontSizeInherit",
                                "fontSizeLarge": "MuiSvgIcon-fontSizeLarge",
                                "fontSizeSmall": "MuiSvgIcon-fontSizeSmall",
                                "root": "MuiSvgIcon-root",
                              }
                            }
                          >
                            <svg
                              aria-hidden={true}
                              className="MuiSvgIcon-root icon-regular"
                              focusable="false"
                              viewBox="0 0 24 24"
                            >
                              <path
                                d="M17 16l-4-4V8.82C14.16 8.4 15 7.3 15 6c0-1.66-1.34-3-3-3S9 4.34 9 6c0 1.3.84 2.4 2 2.82V12l-4 4H3v5h5v-3.05l4-4.2 4 4.2V21h5v-5h-4z"
                              />
                            </svg>
                          </ForwardRef(SvgIcon)>
                        </WithStyles(ForwardRef(SvgIcon))>
                      </ForwardRef(DeviceHubIcon)>
                    </div>
                    <span>
                      STATUS
                    </span>
                  </div>
                </a>
              </LinkAnchor>
            </Link>
          </NavLink>
        </VersionMenuItem>
        <VersionMenuItem
          Icon={
            Object {
              "$$typeof": Symbol(react.memo),
              "compare": null,
              "type": Object {
                "$$typeof": Symbol(react.forward_ref),
                "render": [Function],
              },
            }
          }
          key="PREDICTIONS-/runtimes/runtimeId/versions/versionName/metrics"
          label="PREDICTIONS"
          to="/runtimes/runtimeId/versions/versionName/metrics"
        >
          <NavLink
            activeClassName="active"
            replace={true}
            to="/runtimes/runtimeId/versions/versionName/metrics"
          >
            <Link
              aria-current={null}
              replace={true}
              to={
                Object {
                  "hash": "",
                  "pathname": "/runtimes/runtimeId/versions/versionName/metrics",
                  "search": "",
                  "state": null,
                }
              }
            >
              <LinkAnchor
                aria-current={null}
                href="/runtimes/runtimeId/versions/versionName/metrics"
                navigate={[Function]}
              >
                <a
                  aria-current={null}
                  href="/runtimes/runtimeId/versions/versionName/metrics"
                  onClick={[Function]}
                >
                  <div
                    className="item"
                  >
                    <div
                      className="icon"
                    >
                      <ForwardRef(ShowChartIcon)
                        className="icon-regular"
                      >
                        <WithStyles(ForwardRef(SvgIcon))
                          className="icon-regular"
                        >
                          <ForwardRef(SvgIcon)
                            className="icon-regular"
                            classes={
                              Object {
                                "colorAction": "MuiSvgIcon-colorAction",
                                "colorDisabled": "MuiSvgIcon-colorDisabled",
                                "colorError": "MuiSvgIcon-colorError",
                                "colorPrimary": "MuiSvgIcon-colorPrimary",
                                "colorSecondary": "MuiSvgIcon-colorSecondary",
                                "fontSizeInherit": "MuiSvgIcon-fontSizeInherit",
                                "fontSizeLarge": "MuiSvgIcon-fontSizeLarge",
                                "fontSizeSmall": "MuiSvgIcon-fontSizeSmall",
                                "root": "MuiSvgIcon-root",
                              }
                            }
                          >
                            <svg
                              aria-hidden={true}
                              className="MuiSvgIcon-root icon-regular"
                              focusable="false"
                              viewBox="0 0 24 24"
                            >
                              <path
                                d="M3.5 18.49l6-6.01 4 4L22 6.92l-1.41-1.41-7.09 7.97-4-4L2 16.99z"
                              />
                            </svg>
                          </ForwardRef(SvgIcon)>
                        </WithStyles(ForwardRef(SvgIcon))>
                      </ForwardRef(ShowChartIcon)>
                    </div>
                    <span>
                      PREDICTIONS
                    </span>
                  </div>
                </a>
              </LinkAnchor>
            </Link>
          </NavLink>
        </VersionMenuItem>
        <VersionMenuItem
          Icon={
            Object {
              "$$typeof": Symbol(react.memo),
              "compare": null,
              "type": Object {
                "$$typeof": Symbol(react.forward_ref),
                "render": [Function],
              },
            }
          }
          key="CONFIGURATION-/runtimes/runtimeId/versions/versionName/configuration"
          label="CONFIGURATION"
          to="/runtimes/runtimeId/versions/versionName/configuration"
          warning="Configuration is not completed"
        >
          <NavLink
            activeClassName="active"
            replace={true}
            to="/runtimes/runtimeId/versions/versionName/configuration"
          >
            <Link
              aria-current={null}
              replace={true}
              to={
                Object {
                  "hash": "",
                  "pathname": "/runtimes/runtimeId/versions/versionName/configuration",
                  "search": "",
                  "state": null,
                }
              }
            >
              <LinkAnchor
                aria-current={null}
                href="/runtimes/runtimeId/versions/versionName/configuration"
                navigate={[Function]}
              >
                <a
                  aria-current={null}
                  href="/runtimes/runtimeId/versions/versionName/configuration"
                  onClick={[Function]}
                >
                  <div
                    className="item"
                  >
                    <div
                      className="icon"
                    >
                      <ForwardRef(SettingsIcon)
                        className="icon-regular"
                      >
                        <WithStyles(ForwardRef(SvgIcon))
                          className="icon-regular"
                        >
                          <ForwardRef(SvgIcon)
                            className="icon-regular"
                            classes={
                              Object {
                                "colorAction": "MuiSvgIcon-colorAction",
                                "colorDisabled": "MuiSvgIcon-colorDisabled",
                                "colorError": "MuiSvgIcon-colorError",
                                "colorPrimary": "MuiSvgIcon-colorPrimary",
                                "colorSecondary": "MuiSvgIcon-colorSecondary",
                                "fontSizeInherit": "MuiSvgIcon-fontSizeInherit",
                                "fontSizeLarge": "MuiSvgIcon-fontSizeLarge",
                                "fontSizeSmall": "MuiSvgIcon-fontSizeSmall",
                                "root": "MuiSvgIcon-root",
                              }
                            }
                          >
                            <svg
                              aria-hidden={true}
                              className="MuiSvgIcon-root icon-regular"
                              focusable="false"
                              viewBox="0 0 24 24"
                            >
                              <path
                                d="M19.14 12.94c.04-.3.06-.61.06-.94 0-.32-.02-.64-.07-.94l2.03-1.58c.18-.14.23-.41.12-.61l-1.92-3.32c-.12-.22-.37-.29-.59-.22l-2.39.96c-.5-.38-1.03-.7-1.62-.94l-.36-2.54c-.04-.24-.24-.41-.48-.41h-3.84c-.24 0-.43.17-.47.41l-.36 2.54c-.59.24-1.13.57-1.62.94l-2.39-.96c-.22-.08-.47 0-.59.22L2.74 8.87c-.12.21-.08.47.12.61l2.03 1.58c-.05.3-.09.63-.09.94s.02.64.07.94l-2.03 1.58c-.18.14-.23.41-.12.61l1.92 3.32c.12.22.37.29.59.22l2.39-.96c.5.38 1.03.7 1.62.94l.36 2.54c.05.24.24.41.48.41h3.84c.24 0 .44-.17.47-.41l.36-2.54c.59-.24 1.13-.56 1.62-.94l2.39.96c.22.08.47 0 .59-.22l1.92-3.32c.12-.22.07-.47-.12-.61l-2.01-1.58zM12 15.6c-1.98 0-3.6-1.62-3.6-3.6s1.62-3.6 3.6-3.6 3.6 1.62 3.6 3.6-1.62 3.6-3.6 3.6z"
                              />
                            </svg>
                          </ForwardRef(SvgIcon)>
                        </WithStyles(ForwardRef(SvgIcon))>
                      </ForwardRef(SettingsIcon)>
                    </div>
                    <span>
                      CONFIGURATION
                    </span>
                    <div
                      className="iconWarning"
                      title="Configuration is not completed"
                    >
                      <ForwardRef(WarningIcon)
                        className="icon-regular warning"
                      >
                        <WithStyles(ForwardRef(SvgIcon))
                          className="icon-regular warning"
                        >
                          <ForwardRef(SvgIcon)
                            className="icon-regular warning"
                            classes={
                              Object {
                                "colorAction": "MuiSvgIcon-colorAction",
                                "colorDisabled": "MuiSvgIcon-colorDisabled",
                                "colorError": "MuiSvgIcon-colorError",
                                "colorPrimary": "MuiSvgIcon-colorPrimary",
                                "colorSecondary": "MuiSvgIcon-colorSecondary",
                                "fontSizeInherit": "MuiSvgIcon-fontSizeInherit",
                                "fontSizeLarge": "MuiSvgIcon-fontSizeLarge",
                                "fontSizeSmall": "MuiSvgIcon-fontSizeSmall",
                                "root": "MuiSvgIcon-root",
                              }
                            }
                          >
                            <svg
                              aria-hidden={true}
                              className="MuiSvgIcon-root icon-regular warning"
                              focusable="false"
                              viewBox="0 0 24 24"
                            >
                              <path
                                d="M1 21h22L12 2 1 21zm12-3h-2v-2h2v2zm0-4h-2v-4h2v4z"
                              />
                            </svg>
                          </ForwardRef(SvgIcon)>
                        </WithStyles(ForwardRef(SvgIcon))>
                      </ForwardRef(WarningIcon)>
                    </div>
                  </div>
                </a>
              </LinkAnchor>
            </Link>
          </NavLink>
        </VersionMenuItem>
      </div>
    </VersionMenu>
  </Router>
</BrowserRouter>
`;
