// Jest Snapshot v1, https://goo.gl/fbAQLP

exports[`AddVersion matches snapshot 1`] = `
<div
  className="bg"
>
  <div
    className="grid"
  >
    <div
      className="container"
    >
      <h1>
        Add Version
      </h1>
      <p
        className="subtitle"
      />
      <div
        className="content"
      >
        <form>
          <FileUpload
            error=""
            inputRef={[Function]}
            label="upload version file (KRT file)"
            name="addVersionFile"
            onChange={[Function]}
            placeholder=".krt"
          />
          <div
            className="buttons"
          >
            <Button
              disabled={false}
              label="CREATE"
              onClick={[Function]}
              primary={true}
            />
            <Button
              label="CANCEL"
              onClick={[Function]}
            />
          </div>
        </form>
      </div>
    </div>
  </div>
</div>
`;
