// Jest Snapshot v1, https://goo.gl/fbAQLP

exports[`FormField component should render without crashing 1`] = `
<div
  className="formField"
>
  <p
    className="label"
  >
    bar
     whitelist
  </p>
  <div
    className="input"
  >
    <TextInput
      error="foo"
      formValue="baz"
      label="bar"
      onChange={[MockFunction]}
      onEnterKeyPress={[MockFunction]}
      whiteColor={true}
    />
  </div>
  <div
    className="button"
  >
    <Button
      border={true}
      label="ADD BAR"
      onClick={[MockFunction]}
    />
  </div>
</div>
`;
