// Jest Snapshot v1, https://goo.gl/fbAQLP

exports[`Renders AddRuntime without crashing 1`] = `
<div>
  <div
    class="bg"
  >
    <div
      class="grid"
    >
      <div
        class="container"
      >
        <h1>
          Add Runtime
        </h1>
        <p
          class="subtitle"
        >
          Cras quis nulla commodo, aliquam lectus sed, blandit augue. Cras ullamcorper bibendum bibendum.
        </p>
        <div
          class="content"
        >
          <div
            class="container white"
          >
            <label
              class="label"
              data-testid="label"
            >
              RUNTIME NAME
            </label>
            <input
              class="input"
              data-testid="input"
              placeholder=""
              style="height: 40px;"
              type="text"
              value=""
            />
            
            <div
              class="errorMessage"
              data-testid="error-message"
            />
          </div>
          <div
            class="buttons"
          >
            <div
              class="btn default middle primary"
              style="height: 40px; line-height: 40px;"
            >
              <span>
                SAVE
              </span>
            </div>
            <a
              data-testid="buttonLink"
              href="/dashboard"
            >
              <div
                class="btn default middle label"
                style="height: 40px; line-height: 40px;"
              >
                <span>
                  CANCEL
                </span>
              </div>
            </a>
          </div>
        </div>
      </div>
    </div>
  </div>
</div>
`;
