// Jest Snapshot v1, https://goo.gl/fbAQLP

exports[`Renders AddRuntime without crashing 1`] = `
<div>
  <div
    class="splash"
  >
    <div
      class="loaderContainer"
      data-testid="spinner"
      style="width: 125px; height: 125px;"
    >
      <div
        style="width: 125px; height: 125px; overflow: hidden; margin: 0px auto; outline: none;"
      >
        <svg
          height="240"
          preserveAspectRatio="xMidYMid meet"
          style="width: 100%; height: 100%; transform: translate3d(0,0,0);"
          viewBox="0 0 240 240"
          width="240"
          xmlns="http://www.w3.org/2000/svg"
        >
          <defs>
            <clippath
              id="__lottie_element_2"
            >
              <rect
                height="240"
                width="240"
                x="0"
                y="0"
              />
            </clippath>
            <clippath
              id="__lottie_element_5"
            >
              <path
                d="M0,0 L240,0 L240,240 L0,240z"
              />
            </clippath>
            <clippath
              id="__lottie_element_15"
            >
              <path
                d="M0,0 L240,0 L240,240 L0,240z"
              />
            </clippath>
            <clippath
              id="__lottie_element_25"
            >
              <path
                d="M0,0 L240,0 L240,240 L0,240z"
              />
            </clippath>
            <clippath
              id="__lottie_element_35"
            >
              <path
                d="M0,0 L240,0 L240,240 L0,240z"
              />
            </clippath>
            <clippath
              id="__lottie_element_45"
            >
              <path
                d="M0,0 L240,0 L240,240 L0,240z"
              />
            </clippath>
            <clippath
              id="__lottie_element_55"
            >
              <path
                d="M0,0 L240,0 L240,240 L0,240z"
              />
            </clippath>
            <clippath
              id="__lottie_element_65"
            >
              <path
                d="M0,0 L240,0 L240,240 L0,240z"
              />
            </clippath>
            <clippath
              id="__lottie_element_75"
            >
              <path
                d="M0,0 L240,0 L240,240 L0,240z"
              />
            </clippath>
          </defs>
          <g
            clip-path="url(#__lottie_element_2)"
          >
            <g
              opacity="1"
              style="display: block;"
              transform="matrix(0.8999999761581421,0,0,0.8999999761581421,120,120)"
            >
              <g
                opacity="1"
                transform="matrix(1,0,0,1,0,0)"
              >
                <path
                  d=" M0,-65 C35.87350082397461,-65 65,-35.87350082397461 65,0 C65,35.87350082397461 35.87350082397461,65 0,65 C-35.87350082397461,65 -65,35.87350082397461 -65,0 C-65,-35.87350082397461 -35.87350082397461,-65 0,-65z"
                  fill-opacity="0"
                  stroke="rgb(0,207,255)"
                  stroke-linecap="butt"
                  stroke-linejoin="miter"
                  stroke-miterlimit="4"
                  stroke-opacity="1"
                  stroke-width="2"
                />
              </g>
            </g>
            <g
              opacity="0.19"
              style="display: block;"
              transform="matrix(-0.12860608100891113,-0.09169714897871017,0.09169714897871017,-0.12860608100891113,175.84800720214844,108.85103607177734)"
            >
              <g
                opacity="1"
                transform="matrix(1,0,0,1,0,0)"
              >
                <path
                  d=" M0,-120 C66.22799682617188,-120 120,-66.22799682617188 120,0 C120,66.22799682617188 66.22799682617188,120 0,120 C-66.22799682617188,120 -120,66.22799682617188 -120,0 C-120,-66.22799682617188 -66.22799682617188,-120 0,-120z"
                  fill="rgb(0,207,255)"
                  fill-opacity="1"
                />
              </g>
            </g>
            <g
              opacity="0.9500000000000001"
              style="display: block;"
              transform="matrix(-0.08120838552713394,-0.057902220636606216,0.057902220636606216,-0.08120838552713394,175.84800720214844,108.85103607177734)"
            >
              <g
                opacity="1"
                transform="matrix(1,0,0,1,0,0)"
              >
                <path
                  d=" M0,-120 C66.22799682617188,-120 120,-66.22799682617188 120,0 C120,66.22799682617188 66.22799682617188,120 0,120 C-66.22799682617188,120 -120,66.22799682617188 -120,0 C-120,-66.22799682617188 -66.22799682617188,-120 0,-120z"
                  fill="rgb(0,207,255)"
                  fill-opacity="1"
                />
              </g>
            </g>
            <g
              clip-path="url(#__lottie_element_75)"
              opacity="1"
              style="display: block;"
              transform="matrix(0.5224999785423279,0.000047123889089562,-0.000047123889089562,0.5224999785423279,101.39936065673828,18.396812438964844)"
            >
              <g
                opacity="0.2"
                style="display: block;"
                transform="matrix(0,0,0,0,120,120)"
              >
                <g
                  opacity="1"
                  transform="matrix(1,0,0,1,0,0)"
                >
                  <path
                    d=" M0,-120 C66.22799682617188,-120 120,-66.22799682617188 120,0 C120,66.22799682617188 66.22799682617188,120 0,120 C-66.22799682617188,120 -120,66.22799682617188 -120,0 C-120,-66.22799682617188 -66.22799682617188,-120 0,-120z"
                    fill="rgb(0,207,255)"
                    fill-opacity="1"
                  />
                </g>
              </g>
              <g
                style="display: none;"
              >
                <g>
                  <path />
                </g>
              </g>
            </g>
            <g
              clip-path="url(#__lottie_element_65)"
              style="display: none;"
            >
              <g
                style="display: none;"
              >
                <g>
                  <path />
                </g>
              </g>
              <g
                style="display: none;"
              >
                <g>
                  <path />
                </g>
              </g>
            </g>
            <g
              clip-path="url(#__lottie_element_55)"
              style="display: none;"
            >
              <g
                style="display: none;"
              >
                <g>
                  <path />
                </g>
              </g>
              <g
                style="display: none;"
              >
                <g>
                  <path />
                </g>
              </g>
            </g>
            <g
              clip-path="url(#__lottie_element_45)"
              style="display: none;"
            >
              <g
                style="display: none;"
              >
                <g>
                  <path />
                </g>
              </g>
              <g
                style="display: none;"
              >
                <g>
                  <path />
                </g>
              </g>
            </g>
            <g
              clip-path="url(#__lottie_element_35)"
              style="display: none;"
            >
              <g
                style="display: none;"
              >
                <g>
                  <path />
                </g>
              </g>
              <g
                style="display: none;"
              >
                <g>
                  <path />
                </g>
              </g>
            </g>
            <g
              clip-path="url(#__lottie_element_25)"
              style="display: none;"
            >
              <g
                style="display: none;"
              >
                <g>
                  <path />
                </g>
              </g>
              <g
                style="display: none;"
              >
                <g>
                  <path />
                </g>
              </g>
            </g>
            <g
              clip-path="url(#__lottie_element_15)"
              style="display: none;"
            >
              <g
                style="display: none;"
              >
                <g>
                  <path />
                </g>
              </g>
              <g
                style="display: none;"
              >
                <g>
                  <path />
                </g>
              </g>
            </g>
            <g
              clip-path="url(#__lottie_element_5)"
              style="display: none;"
            >
              <g
                style="display: none;"
              >
                <g>
                  <path />
                </g>
              </g>
              <g
                style="display: none;"
              >
                <g>
                  <path />
                </g>
              </g>
            </g>
          </g>
        </svg>
      </div>
    </div>
  </div>
</div>
`;
