// Jest Snapshot v1, https://goo.gl/fbAQLP

exports[`DomainList matches snapshot 1`] = `
<Fragment>
  <div
    className="row"
    key="domain.1"
  >
    <p
      className="domainPosition"
    >
      1
    </p>
    <p
      className="domainName"
      data-testid="domainListName0"
    >
      domain.1
    </p>
    <div
      className="removeButton"
      data-testid="domainListRemove0"
      onClick={[Function]}
    >
      <DeleteIcon
        className="icon-regular"
      />
    </div>
  </div>
  <div
    className="row"
    key="domain.2"
  >
    <p
      className="domainPosition"
    >
      2
    </p>
    <p
      className="domainName"
      data-testid="domainListName1"
    >
      domain.2
    </p>
    <div
      className="removeButton"
      data-testid="domainListRemove1"
      onClick={[Function]}
    >
      <DeleteIcon
        className="icon-regular"
      />
    </div>
  </div>
  <div
    className="row"
    key="domain.3.sample"
  >
    <p
      className="domainPosition"
    >
      3
    </p>
    <p
      className="domainName"
      data-testid="domainListName2"
    >
      domain.3.sample
    </p>
    <div
      className="removeButton"
      data-testid="domainListRemove2"
      onClick={[Function]}
    >
      <DeleteIcon
        className="icon-regular"
      />
    </div>
  </div>
</Fragment>
`;
