// Jest Snapshot v1, https://goo.gl/fbAQLP

exports[`Renders Sidebar without crashing 1`] = `
<div>
  <div
    class="container"
  >
    <div
      class="header"
    >
      <div
        class="back"
      >
        <svg
          aria-hidden="true"
          class="svg-inline--fa fa-arrow-left fa-w-14 fa-xs "
          data-icon="arrow-left"
          data-prefix="fas"
          focusable="false"
          role="img"
          viewBox="0 0 448 512"
          xmlns="http://www.w3.org/2000/svg"
        >
          <path
            d="M257.5 445.1l-22.2 22.2c-9.4 9.4-24.6 9.4-33.9 0L7 273c-9.4-9.4-9.4-24.6 0-33.9L201.4 44.7c9.4-9.4 24.6-9.4 33.9 0l22.2 22.2c9.5 9.5 9.3 25-.4 34.3L136.6 216H424c13.3 0 24 10.7 24 24v32c0 13.3-10.7 24-24 24H136.6l120.5 114.8c9.8 9.3 10 24.8.4 34.3z"
            fill="currentColor"
          />
        </svg>
        SIDEBAR
      </div>
      <div
        class="description"
      >
        Fusce vehicula dolor arcu, sit amet.
      </div>
    </div>
    <div>
      <div
        class="container"
      >
        <a
          data-testid="buttonLink"
          href="/settings/general"
        >
          <div
            class="btn transparent left label"
            style="height: 56px; line-height: 56px;"
          >
            <span>
              GENERAL
            </span>
          </div>
        </a>
        <a
          data-testid="buttonLink"
          href="/settings/security"
        >
          <div
            class="btn transparent left label"
            style="height: 56px; line-height: 56px;"
          >
            <span>
              SECURITY
            </span>
          </div>
        </a>
        <a
          data-testid="buttonLink"
          href="/settings/audit"
        >
          <div
            class="btn transparent left label"
            style="height: 56px; line-height: 56px;"
          >
            <span>
              AUDIT
            </span>
          </div>
        </a>
      </div>
    </div>
  </div>
</div>
`;
