// Jest Snapshot v1, https://goo.gl/fbAQLP

exports[`Logs matches snapshot 1`] = `
<Fragment>
  <div
    className="container opened hidden"
  >
    <Header
      fullScreen={false}
      opened={Array []}
      toggleFullScreen={[Function]}
      togglePanel={[Function]}
    />
    <TabContainer
      activeTabId={Array []}
      closeTab={[Function]}
      contextMenuActions={
        Array [
          Object {
            "Icon": Object {
              "$$typeof": Symbol(react.memo),
              "compare": null,
              "type": Object {
                "$$typeof": Symbol(react.forward_ref),
                "render": [Function],
              },
            },
            "callToAction": [Function],
            "text": "duplicate",
          },
          Object {
            "Icon": Object {
              "$$typeof": Symbol(react.memo),
              "compare": null,
              "type": Object {
                "$$typeof": Symbol(react.forward_ref),
                "render": [Function],
              },
            },
            "callToAction": [Function],
            "text": "open in a new tab",
          },
          Object {
            "Icon": Object {
              "$$typeof": Symbol(react.memo),
              "compare": null,
              "type": Object {
                "$$typeof": Symbol(react.forward_ref),
                "render": [Function],
              },
            },
            "callToAction": [Function],
            "disabled": true,
            "text": "close others",
          },
          Object {
            "Icon": Object {
              "$$typeof": Symbol(react.memo),
              "compare": null,
              "type": Object {
                "$$typeof": Symbol(react.forward_ref),
                "render": [Function],
              },
            },
            "callToAction": [Function],
            "text": "close",
          },
        ]
      }
      onTabClick={[Function]}
      tabs={Array []}
    />
  </div>
  <div
    className="shield"
    onClick={[Function]}
  />
</Fragment>
`;
