// Jest Snapshot v1, https://goo.gl/fbAQLP

exports[`Notification matches snapshot 1`] = `
<div
  className="container MESSAGE"
  style={
    Object {
      "height": 0,
      "maxHeight": 0,
    }
  }
>
  <div
    className="message"
    title="some message"
  >
    some message
  </div>
  <Button
    label="some label"
    to="some/other/route"
  />
  <Button
    Icon={
      Object {
        "$$typeof": Symbol(react.memo),
        "compare": null,
        "displayName": "CloseIcon",
        "muiName": "SvgIcon",
        "type": Object {
          "$$typeof": Symbol(react.forward_ref),
          "render": [Function],
        },
      }
    }
    label=""
    onClick={[Function]}
  />
</div>
`;
