// Jest Snapshot v1, https://goo.gl/fbAQLP

exports[`Notification matches snapshot 1`] = `
<div
  className="container"
>
  <div
    className="message"
    title="some message"
  >
    some message
  </div>
  <Button
    label="some label"
    onClick={[MockFunction]}
  />
  <Button
    Icon={
      Object {
        "$$typeof": Symbol(react.memo),
        "compare": null,
        "displayName": "CloseIcon",
        "muiName": "SvgIcon",
        "type": Object {
          "$$typeof": Symbol(react.forward_ref),
          "render": [Function],
        },
      }
    }
    label=""
    onClick={[MockFunction]}
  />
</div>
`;
