// Jest Snapshot v1, https://goo.gl/fbAQLP

exports[`Render FileUpload without crashing 1`] = `
<div>
  <div
    class="container"
  >
    <label
      class="label"
      data-testid="label"
    />
    <div
      class="inputContainer"
    >
      <div
        class="input placeholder"
        data-testid="input"
        style="height: 40px;"
        title=""
      />
      <div
        class="btn default middle border label"
        style="height: 40px; line-height: 40px;"
      >
        <span>
          BROWSE
        </span>
      </div>
    </div>
    <input
      hidden=""
      type="file"
    />
    <div
      class="errorMessage"
      data-testid="error-message"
    />
  </div>
</div>
`;
