// Jest Snapshot v1, https://goo.gl/fbAQLP

exports[`AddRuntime matches snapshot 1`] = `
<Wrapper>
  <MockedProvider
    addTypename={false}
    mocks={
      Array [
        Object {
          "request": Object {
            "query": Object {
              "definitions": Array [
                Object {
                  "directives": Array [],
                  "kind": "OperationDefinition",
                  "name": Object {
                    "kind": "Name",
                    "value": "CreateRuntime",
                  },
                  "operation": "mutation",
                  "selectionSet": Object {
                    "kind": "SelectionSet",
                    "selections": Array [
                      Object {
                        "arguments": Array [
                          Object {
                            "kind": "Argument",
                            "name": Object {
                              "kind": "Name",
                              "value": "input",
                            },
                            "value": Object {
                              "kind": "Variable",
                              "name": Object {
                                "kind": "Name",
                                "value": "input",
                              },
                            },
                          },
                        ],
                        "directives": Array [],
                        "kind": "Field",
                        "name": Object {
                          "kind": "Name",
                          "value": "createRuntime",
                        },
                        "selectionSet": Object {
                          "kind": "SelectionSet",
                          "selections": Array [
                            Object {
                              "arguments": Array [],
                              "directives": Array [],
                              "kind": "Field",
                              "name": Object {
                                "kind": "Name",
                                "value": "id",
                              },
                            },
                            Object {
                              "arguments": Array [],
                              "directives": Array [],
                              "kind": "Field",
                              "name": Object {
                                "kind": "Name",
                                "value": "name",
                              },
                            },
                            Object {
                              "arguments": Array [],
                              "directives": Array [],
                              "kind": "Field",
                              "name": Object {
                                "kind": "Name",
                                "value": "description",
                              },
                            },
                            Object {
                              "arguments": Array [],
                              "directives": Array [],
                              "kind": "Field",
                              "name": Object {
                                "kind": "Name",
                                "value": "status",
                              },
                            },
                            Object {
                              "arguments": Array [],
                              "directives": Array [],
                              "kind": "Field",
                              "name": Object {
                                "kind": "Name",
                                "value": "creationDate",
                              },
                            },
                            Object {
                              "arguments": Array [],
                              "directives": Array [],
                              "kind": "Field",
                              "name": Object {
                                "kind": "Name",
                                "value": "creationAuthor",
                              },
                              "selectionSet": Object {
                                "kind": "SelectionSet",
                                "selections": Array [
                                  Object {
                                    "arguments": Array [],
                                    "directives": Array [],
                                    "kind": "Field",
                                    "name": Object {
                                      "kind": "Name",
                                      "value": "id",
                                    },
                                  },
                                  Object {
                                    "arguments": Array [],
                                    "directives": Array [],
                                    "kind": "Field",
                                    "name": Object {
                                      "kind": "Name",
                                      "value": "email",
                                    },
                                  },
                                ],
                              },
                            },
                            Object {
                              "arguments": Array [],
                              "directives": Array [],
                              "kind": "Field",
                              "name": Object {
                                "kind": "Name",
                                "value": "publishedVersion",
                              },
                              "selectionSet": Object {
                                "kind": "SelectionSet",
                                "selections": Array [
                                  Object {
                                    "arguments": Array [],
                                    "directives": Array [],
                                    "kind": "Field",
                                    "name": Object {
                                      "kind": "Name",
                                      "value": "status",
                                    },
                                  },
                                ],
                              },
                            },
                          ],
                        },
                      },
                    ],
                  },
                  "variableDefinitions": Array [
                    Object {
                      "directives": Array [],
                      "kind": "VariableDefinition",
                      "type": Object {
                        "kind": "NonNullType",
                        "type": Object {
                          "kind": "NamedType",
                          "name": Object {
                            "kind": "Name",
                            "value": "CreateRuntimeInput",
                          },
                        },
                      },
                      "variable": Object {
                        "kind": "Variable",
                        "name": Object {
                          "kind": "Name",
                          "value": "input",
                        },
                      },
                    },
                  ],
                },
              ],
              "kind": "Document",
              "loc": Object {
                "end": 243,
                "source": Object {
                  "body": "mutation CreateRuntime($input: CreateRuntimeInput!) {
  createRuntime(input: $input) {
    id
    name
    description
    status
    creationDate
    creationAuthor {
      id
      email
    }
    publishedVersion {
      status
    }
  }
}
",
                  "locationOffset": Object {
                    "column": 1,
                    "line": 1,
                  },
                  "name": "GraphQL request",
                },
                "start": 0,
              },
            },
            "variables": Object {
              "input": Object {
                "name": "New Runtime",
              },
            },
          },
          "result": Object {
            "data": Object {
              "createRuntime": Object {
                "name": "some name",
              },
            },
          },
        },
        Object {
          "request": Object {
            "query": Object {
              "definitions": Array [
                Object {
                  "directives": Array [],
                  "kind": "OperationDefinition",
                  "name": Object {
                    "kind": "Name",
                    "value": "GetRuntimes",
                  },
                  "operation": "query",
                  "selectionSet": Object {
                    "kind": "SelectionSet",
                    "selections": Array [
                      Object {
                        "arguments": Array [],
                        "directives": Array [],
                        "kind": "Field",
                        "name": Object {
                          "kind": "Name",
                          "value": "runtimes",
                        },
                        "selectionSet": Object {
                          "kind": "SelectionSet",
                          "selections": Array [
                            Object {
                              "arguments": Array [],
                              "directives": Array [],
                              "kind": "Field",
                              "name": Object {
                                "kind": "Name",
                                "value": "id",
                              },
                            },
                            Object {
                              "arguments": Array [],
                              "directives": Array [],
                              "kind": "Field",
                              "name": Object {
                                "kind": "Name",
                                "value": "name",
                              },
                            },
                            Object {
                              "arguments": Array [],
                              "directives": Array [],
                              "kind": "Field",
                              "name": Object {
                                "kind": "Name",
                                "value": "description",
                              },
                            },
                            Object {
                              "arguments": Array [],
                              "directives": Array [],
                              "kind": "Field",
                              "name": Object {
                                "kind": "Name",
                                "value": "status",
                              },
                            },
                            Object {
                              "arguments": Array [],
                              "directives": Array [],
                              "kind": "Field",
                              "name": Object {
                                "kind": "Name",
                                "value": "creationDate",
                              },
                            },
                            Object {
                              "arguments": Array [],
                              "directives": Array [],
                              "kind": "Field",
                              "name": Object {
                                "kind": "Name",
                                "value": "publishedVersion",
                              },
                              "selectionSet": Object {
                                "kind": "SelectionSet",
                                "selections": Array [
                                  Object {
                                    "arguments": Array [],
                                    "directives": Array [],
                                    "kind": "Field",
                                    "name": Object {
                                      "kind": "Name",
                                      "value": "status",
                                    },
                                  },
                                ],
                              },
                            },
                          ],
                        },
                      },
                    ],
                  },
                  "variableDefinitions": Array [],
                },
              ],
              "kind": "Document",
              "loc": Object {
                "end": 141,
                "source": Object {
                  "body": "query GetRuntimes {
  runtimes {
    id
    name
    description
    status
    creationDate
    publishedVersion {
      status
    }
  }
}
",
                  "locationOffset": Object {
                    "column": 1,
                    "line": 1,
                  },
                  "name": "GraphQL request",
                },
                "start": 0,
              },
            },
          },
          "result": Object {
            "data": Object {
              "runtimes": Array [
                Object {
                  "creationAuthor": Object {
                    "email": "some@user.com",
                  },
                  "creationDate": "2019-11-28T15:28:01+00:00",
                  "description": "Some Description",
                  "id": "00001",
                  "name": "Some Name",
                  "publishedVersion": Object {
                    "status": "STARTED",
                  },
                  "status": "STARTED",
                },
                Object {
                  "creationAuthor": Object {
                    "email": "some@user.com",
                  },
                  "creationDate": "2019-11-27T15:28:01+00:00",
                  "description": "Some Other Description",
                  "id": "00002",
                  "name": "Some Other Name",
                  "publishedVersion": Object {
                    "status": "STARTED",
                  },
                  "status": "STARTED",
                },
                Object {
                  "creationAuthor": Object {
                    "email": "some@user.com",
                  },
                  "creationDate": "2019-11-27T15:28:01+00:00",
                  "description": "Some Description",
                  "id": "00003",
                  "name": "Creating runtime",
                  "publishedVersion": Object {
                    "status": "CREATING",
                  },
                  "status": "CREATING",
                },
              ],
            },
          },
        },
        Object {
          "request": Object {
            "query": Object {
              "definitions": Array [
                Object {
                  "directives": Array [],
                  "kind": "OperationDefinition",
                  "name": Object {
                    "kind": "Name",
                    "value": "GetMe",
                  },
                  "operation": "query",
                  "selectionSet": Object {
                    "kind": "SelectionSet",
                    "selections": Array [
                      Object {
                        "arguments": Array [],
                        "directives": Array [],
                        "kind": "Field",
                        "name": Object {
                          "kind": "Name",
                          "value": "me",
                        },
                        "selectionSet": Object {
                          "kind": "SelectionSet",
                          "selections": Array [
                            Object {
                              "arguments": Array [],
                              "directives": Array [],
                              "kind": "Field",
                              "name": Object {
                                "kind": "Name",
                                "value": "id",
                              },
                            },
                            Object {
                              "arguments": Array [],
                              "directives": Array [],
                              "kind": "Field",
                              "name": Object {
                                "kind": "Name",
                                "value": "email",
                              },
                            },
                            Object {
                              "arguments": Array [],
                              "directives": Array [],
                              "kind": "Field",
                              "name": Object {
                                "kind": "Name",
                                "value": "accessLevel",
                              },
                            },
                          ],
                        },
                      },
                    ],
                  },
                  "variableDefinitions": Array [],
                },
              ],
              "kind": "Document",
              "loc": Object {
                "end": 60,
                "source": Object {
                  "body": "query GetMe {
  me {
    id
    email
    accessLevel
  }
}
",
                  "locationOffset": Object {
                    "column": 1,
                    "line": 1,
                  },
                  "name": "GraphQL request",
                },
                "start": 0,
              },
            },
          },
          "result": Object {
            "data": Object {
              "me": Object {
                "accessLevel": "ADMIN",
                "email": "user@konstellation.com",
                "id": "someId",
              },
            },
          },
        },
      ]
    }
  >
    <ApolloProvider
      client={
        ApolloClient {
          "cache": InMemoryCache {
            "addTypename": false,
            "config": Object {
              "addTypename": false,
              "dataIdFromObject": [Function],
              "resultCaching": true,
              "typePolicies": Object {},
            },
            "data": Root {
              "canRead": [Function],
              "data": Object {},
              "getFieldValue": [Function],
              "group": CacheGroup {
                "caching": true,
                "d": [Function],
                "keyMaker": KeyTrie {
                  "makeData": [Function],
                  "weakness": true,
                },
              },
              "policies": Policies {
                "cache": [Circular],
                "config": Object {
                  "cache": [Circular],
                  "dataIdFromObject": [Function],
                  "possibleTypes": undefined,
                  "typePolicies": Object {},
                },
                "rootIdsByTypename": Object {
                  "Mutation": "ROOT_MUTATION",
                  "Query": "ROOT_QUERY",
                  "Subscription": "ROOT_SUBSCRIPTION",
                },
                "rootTypenamesById": Object {
                  "ROOT_MUTATION": "Mutation",
                  "ROOT_QUERY": "Query",
                  "ROOT_SUBSCRIPTION": "Subscription",
                },
                "storageTrie": KeyTrie {
                  "makeData": [Function],
                  "weakness": true,
                },
                "typePolicies": Object {},
                "usingPossibleTypes": false,
              },
              "refs": Object {},
              "rootIds": Object {},
              "sharedLayerGroup": CacheGroup {
                "caching": true,
                "d": [Function],
                "keyMaker": KeyTrie {
                  "makeData": [Function],
                  "weakness": true,
                },
              },
              "toReference": [Function],
            },
            "getFragmentDoc": [Function],
            "makeVar": [Function],
            "maybeBroadcastWatch": [Function],
            "optimisticData": Root {
              "canRead": [Function],
              "data": Object {},
              "getFieldValue": [Function],
              "group": CacheGroup {
                "caching": true,
                "d": [Function],
                "keyMaker": KeyTrie {
                  "makeData": [Function],
                  "weakness": true,
                },
              },
              "policies": Policies {
                "cache": [Circular],
                "config": Object {
                  "cache": [Circular],
                  "dataIdFromObject": [Function],
                  "possibleTypes": undefined,
                  "typePolicies": Object {},
                },
                "rootIdsByTypename": Object {
                  "Mutation": "ROOT_MUTATION",
                  "Query": "ROOT_QUERY",
                  "Subscription": "ROOT_SUBSCRIPTION",
                },
                "rootTypenamesById": Object {
                  "ROOT_MUTATION": "Mutation",
                  "ROOT_QUERY": "Query",
                  "ROOT_SUBSCRIPTION": "Subscription",
                },
                "storageTrie": KeyTrie {
                  "makeData": [Function],
                  "weakness": true,
                },
                "typePolicies": Object {},
                "usingPossibleTypes": false,
              },
              "refs": Object {},
              "rootIds": Object {},
              "sharedLayerGroup": CacheGroup {
                "caching": true,
                "d": [Function],
                "keyMaker": KeyTrie {
                  "makeData": [Function],
                  "weakness": true,
                },
              },
              "toReference": [Function],
            },
            "policies": Policies {
              "cache": [Circular],
              "config": Object {
                "cache": [Circular],
                "dataIdFromObject": [Function],
                "possibleTypes": undefined,
                "typePolicies": Object {},
              },
              "rootIdsByTypename": Object {
                "Mutation": "ROOT_MUTATION",
                "Query": "ROOT_QUERY",
                "Subscription": "ROOT_SUBSCRIPTION",
              },
              "rootTypenamesById": Object {
                "ROOT_MUTATION": "Mutation",
                "ROOT_QUERY": "Query",
                "ROOT_SUBSCRIPTION": "Subscription",
              },
              "storageTrie": KeyTrie {
                "makeData": [Function],
                "weakness": true,
              },
              "typePolicies": Object {},
              "usingPossibleTypes": false,
            },
            "storeReader": StoreReader {
              "config": Object {
                "addTypename": false,
                "cache": [Circular],
              },
              "executeSelectionSet": [Function],
              "executeSubSelectedArray": [Function],
              "knownResults": WeakMap {},
            },
            "storeWriter": StoreWriter {
              "cache": [Circular],
              "reader": StoreReader {
                "config": Object {
                  "addTypename": false,
                  "cache": [Circular],
                },
                "executeSelectionSet": [Function],
                "executeSubSelectedArray": [Function],
                "knownResults": WeakMap {},
              },
            },
            "txCount": 0,
            "typenameDocumentCache": Map {},
            "watchDep": [Function],
            "watches": Set {},
          },
          "clearStoreCallbacks": Array [],
          "defaultOptions": Object {},
          "disableNetworkFetches": false,
          "link": MockLink {
            "addTypename": false,
            "mockedResponsesByKey": Object {
              "{\\"query\\":\\"mutation CreateRuntime($input: CreateRuntimeInput!) {\\\\n  createRuntime(input: $input) {\\\\n    id\\\\n    name\\\\n    description\\\\n    status\\\\n    creationDate\\\\n    creationAuthor {\\\\n      id\\\\n      email\\\\n    }\\\\n    publishedVersion {\\\\n      status\\\\n    }\\\\n  }\\\\n}\\\\n\\"}": Array [
                Object {
                  "request": Object {
                    "query": Object {
                      "definitions": Array [
                        Object {
                          "directives": Array [],
                          "kind": "OperationDefinition",
                          "name": Object {
                            "kind": "Name",
                            "value": "CreateRuntime",
                          },
                          "operation": "mutation",
                          "selectionSet": Object {
                            "kind": "SelectionSet",
                            "selections": Array [
                              Object {
                                "arguments": Array [
                                  Object {
                                    "kind": "Argument",
                                    "name": Object {
                                      "kind": "Name",
                                      "value": "input",
                                    },
                                    "value": Object {
                                      "kind": "Variable",
                                      "name": Object {
                                        "kind": "Name",
                                        "value": "input",
                                      },
                                    },
                                  },
                                ],
                                "directives": Array [],
                                "kind": "Field",
                                "name": Object {
                                  "kind": "Name",
                                  "value": "createRuntime",
                                },
                                "selectionSet": Object {
                                  "kind": "SelectionSet",
                                  "selections": Array [
                                    Object {
                                      "arguments": Array [],
                                      "directives": Array [],
                                      "kind": "Field",
                                      "name": Object {
                                        "kind": "Name",
                                        "value": "id",
                                      },
                                    },
                                    Object {
                                      "arguments": Array [],
                                      "directives": Array [],
                                      "kind": "Field",
                                      "name": Object {
                                        "kind": "Name",
                                        "value": "name",
                                      },
                                    },
                                    Object {
                                      "arguments": Array [],
                                      "directives": Array [],
                                      "kind": "Field",
                                      "name": Object {
                                        "kind": "Name",
                                        "value": "description",
                                      },
                                    },
                                    Object {
                                      "arguments": Array [],
                                      "directives": Array [],
                                      "kind": "Field",
                                      "name": Object {
                                        "kind": "Name",
                                        "value": "status",
                                      },
                                    },
                                    Object {
                                      "arguments": Array [],
                                      "directives": Array [],
                                      "kind": "Field",
                                      "name": Object {
                                        "kind": "Name",
                                        "value": "creationDate",
                                      },
                                    },
                                    Object {
                                      "arguments": Array [],
                                      "directives": Array [],
                                      "kind": "Field",
                                      "name": Object {
                                        "kind": "Name",
                                        "value": "creationAuthor",
                                      },
                                      "selectionSet": Object {
                                        "kind": "SelectionSet",
                                        "selections": Array [
                                          Object {
                                            "arguments": Array [],
                                            "directives": Array [],
                                            "kind": "Field",
                                            "name": Object {
                                              "kind": "Name",
                                              "value": "id",
                                            },
                                          },
                                          Object {
                                            "arguments": Array [],
                                            "directives": Array [],
                                            "kind": "Field",
                                            "name": Object {
                                              "kind": "Name",
                                              "value": "email",
                                            },
                                          },
                                        ],
                                      },
                                    },
                                    Object {
                                      "arguments": Array [],
                                      "directives": Array [],
                                      "kind": "Field",
                                      "name": Object {
                                        "kind": "Name",
                                        "value": "publishedVersion",
                                      },
                                      "selectionSet": Object {
                                        "kind": "SelectionSet",
                                        "selections": Array [
                                          Object {
                                            "arguments": Array [],
                                            "directives": Array [],
                                            "kind": "Field",
                                            "name": Object {
                                              "kind": "Name",
                                              "value": "status",
                                            },
                                          },
                                        ],
                                      },
                                    },
                                  ],
                                },
                              },
                            ],
                          },
                          "variableDefinitions": Array [
                            Object {
                              "directives": Array [],
                              "kind": "VariableDefinition",
                              "type": Object {
                                "kind": "NonNullType",
                                "type": Object {
                                  "kind": "NamedType",
                                  "name": Object {
                                    "kind": "Name",
                                    "value": "CreateRuntimeInput",
                                  },
                                },
                              },
                              "variable": Object {
                                "kind": "Variable",
                                "name": Object {
                                  "kind": "Name",
                                  "value": "input",
                                },
                              },
                            },
                          ],
                        },
                      ],
                      "kind": "Document",
                      "loc": Object {
                        "end": 243,
                        "source": Object {
                          "body": "mutation CreateRuntime($input: CreateRuntimeInput!) {
  createRuntime(input: $input) {
    id
    name
    description
    status
    creationDate
    creationAuthor {
      id
      email
    }
    publishedVersion {
      status
    }
  }
}
",
                          "locationOffset": Object {
                            "column": 1,
                            "line": 1,
                          },
                          "name": "GraphQL request",
                        },
                        "start": 0,
                      },
                    },
                    "variables": Object {
                      "input": Object {
                        "name": "New Runtime",
                      },
                    },
                  },
                  "result": Object {
                    "data": Object {
                      "createRuntime": Object {
                        "name": "some name",
                      },
                    },
                  },
                },
              ],
              "{\\"query\\":\\"query GetMe {\\\\n  me {\\\\n    id\\\\n    email\\\\n    accessLevel\\\\n  }\\\\n}\\\\n\\"}": Array [
                Object {
                  "request": Object {
                    "query": Object {
                      "definitions": Array [
                        Object {
                          "directives": Array [],
                          "kind": "OperationDefinition",
                          "name": Object {
                            "kind": "Name",
                            "value": "GetMe",
                          },
                          "operation": "query",
                          "selectionSet": Object {
                            "kind": "SelectionSet",
                            "selections": Array [
                              Object {
                                "arguments": Array [],
                                "directives": Array [],
                                "kind": "Field",
                                "name": Object {
                                  "kind": "Name",
                                  "value": "me",
                                },
                                "selectionSet": Object {
                                  "kind": "SelectionSet",
                                  "selections": Array [
                                    Object {
                                      "arguments": Array [],
                                      "directives": Array [],
                                      "kind": "Field",
                                      "name": Object {
                                        "kind": "Name",
                                        "value": "id",
                                      },
                                    },
                                    Object {
                                      "arguments": Array [],
                                      "directives": Array [],
                                      "kind": "Field",
                                      "name": Object {
                                        "kind": "Name",
                                        "value": "email",
                                      },
                                    },
                                    Object {
                                      "arguments": Array [],
                                      "directives": Array [],
                                      "kind": "Field",
                                      "name": Object {
                                        "kind": "Name",
                                        "value": "accessLevel",
                                      },
                                    },
                                  ],
                                },
                              },
                            ],
                          },
                          "variableDefinitions": Array [],
                        },
                      ],
                      "kind": "Document",
                      "loc": Object {
                        "end": 60,
                        "source": Object {
                          "body": "query GetMe {
  me {
    id
    email
    accessLevel
  }
}
",
                          "locationOffset": Object {
                            "column": 1,
                            "line": 1,
                          },
                          "name": "GraphQL request",
                        },
                        "start": 0,
                      },
                    },
                  },
                  "result": Object {
                    "data": Object {
                      "me": Object {
                        "accessLevel": "ADMIN",
                        "email": "user@konstellation.com",
                        "id": "someId",
                      },
                    },
                  },
                },
              ],
              "{\\"query\\":\\"query GetRuntimes {\\\\n  runtimes {\\\\n    id\\\\n    name\\\\n    description\\\\n    status\\\\n    creationDate\\\\n    publishedVersion {\\\\n      status\\\\n    }\\\\n  }\\\\n}\\\\n\\"}": Array [
                Object {
                  "request": Object {
                    "query": Object {
                      "definitions": Array [
                        Object {
                          "directives": Array [],
                          "kind": "OperationDefinition",
                          "name": Object {
                            "kind": "Name",
                            "value": "GetRuntimes",
                          },
                          "operation": "query",
                          "selectionSet": Object {
                            "kind": "SelectionSet",
                            "selections": Array [
                              Object {
                                "arguments": Array [],
                                "directives": Array [],
                                "kind": "Field",
                                "name": Object {
                                  "kind": "Name",
                                  "value": "runtimes",
                                },
                                "selectionSet": Object {
                                  "kind": "SelectionSet",
                                  "selections": Array [
                                    Object {
                                      "arguments": Array [],
                                      "directives": Array [],
                                      "kind": "Field",
                                      "name": Object {
                                        "kind": "Name",
                                        "value": "id",
                                      },
                                    },
                                    Object {
                                      "arguments": Array [],
                                      "directives": Array [],
                                      "kind": "Field",
                                      "name": Object {
                                        "kind": "Name",
                                        "value": "name",
                                      },
                                    },
                                    Object {
                                      "arguments": Array [],
                                      "directives": Array [],
                                      "kind": "Field",
                                      "name": Object {
                                        "kind": "Name",
                                        "value": "description",
                                      },
                                    },
                                    Object {
                                      "arguments": Array [],
                                      "directives": Array [],
                                      "kind": "Field",
                                      "name": Object {
                                        "kind": "Name",
                                        "value": "status",
                                      },
                                    },
                                    Object {
                                      "arguments": Array [],
                                      "directives": Array [],
                                      "kind": "Field",
                                      "name": Object {
                                        "kind": "Name",
                                        "value": "creationDate",
                                      },
                                    },
                                    Object {
                                      "arguments": Array [],
                                      "directives": Array [],
                                      "kind": "Field",
                                      "name": Object {
                                        "kind": "Name",
                                        "value": "publishedVersion",
                                      },
                                      "selectionSet": Object {
                                        "kind": "SelectionSet",
                                        "selections": Array [
                                          Object {
                                            "arguments": Array [],
                                            "directives": Array [],
                                            "kind": "Field",
                                            "name": Object {
                                              "kind": "Name",
                                              "value": "status",
                                            },
                                          },
                                        ],
                                      },
                                    },
                                  ],
                                },
                              },
                            ],
                          },
                          "variableDefinitions": Array [],
                        },
                      ],
                      "kind": "Document",
                      "loc": Object {
                        "end": 141,
                        "source": Object {
                          "body": "query GetRuntimes {
  runtimes {
    id
    name
    description
    status
    creationDate
    publishedVersion {
      status
    }
  }
}
",
                          "locationOffset": Object {
                            "column": 1,
                            "line": 1,
                          },
                          "name": "GraphQL request",
                        },
                        "start": 0,
                      },
                    },
                  },
                  "result": Object {
                    "data": Object {
                      "runtimes": Array [
                        Object {
                          "creationAuthor": Object {
                            "email": "some@user.com",
                          },
                          "creationDate": "2019-11-28T15:28:01+00:00",
                          "description": "Some Description",
                          "id": "00001",
                          "name": "Some Name",
                          "publishedVersion": Object {
                            "status": "STARTED",
                          },
                          "status": "STARTED",
                        },
                        Object {
                          "creationAuthor": Object {
                            "email": "some@user.com",
                          },
                          "creationDate": "2019-11-27T15:28:01+00:00",
                          "description": "Some Other Description",
                          "id": "00002",
                          "name": "Some Other Name",
                          "publishedVersion": Object {
                            "status": "STARTED",
                          },
                          "status": "STARTED",
                        },
                        Object {
                          "creationAuthor": Object {
                            "email": "some@user.com",
                          },
                          "creationDate": "2019-11-27T15:28:01+00:00",
                          "description": "Some Description",
                          "id": "00003",
                          "name": "Creating runtime",
                          "publishedVersion": Object {
                            "status": "CREATING",
                          },
                          "status": "CREATING",
                        },
                      ],
                    },
                  },
                },
              ],
            },
          },
          "localState": LocalState {
            "cache": InMemoryCache {
              "addTypename": false,
              "config": Object {
                "addTypename": false,
                "dataIdFromObject": [Function],
                "resultCaching": true,
                "typePolicies": Object {},
              },
              "data": Root {
                "canRead": [Function],
                "data": Object {},
                "getFieldValue": [Function],
                "group": CacheGroup {
                  "caching": true,
                  "d": [Function],
                  "keyMaker": KeyTrie {
                    "makeData": [Function],
                    "weakness": true,
                  },
                },
                "policies": Policies {
                  "cache": [Circular],
                  "config": Object {
                    "cache": [Circular],
                    "dataIdFromObject": [Function],
                    "possibleTypes": undefined,
                    "typePolicies": Object {},
                  },
                  "rootIdsByTypename": Object {
                    "Mutation": "ROOT_MUTATION",
                    "Query": "ROOT_QUERY",
                    "Subscription": "ROOT_SUBSCRIPTION",
                  },
                  "rootTypenamesById": Object {
                    "ROOT_MUTATION": "Mutation",
                    "ROOT_QUERY": "Query",
                    "ROOT_SUBSCRIPTION": "Subscription",
                  },
                  "storageTrie": KeyTrie {
                    "makeData": [Function],
                    "weakness": true,
                  },
                  "typePolicies": Object {},
                  "usingPossibleTypes": false,
                },
                "refs": Object {},
                "rootIds": Object {},
                "sharedLayerGroup": CacheGroup {
                  "caching": true,
                  "d": [Function],
                  "keyMaker": KeyTrie {
                    "makeData": [Function],
                    "weakness": true,
                  },
                },
                "toReference": [Function],
              },
              "getFragmentDoc": [Function],
              "makeVar": [Function],
              "maybeBroadcastWatch": [Function],
              "optimisticData": Root {
                "canRead": [Function],
                "data": Object {},
                "getFieldValue": [Function],
                "group": CacheGroup {
                  "caching": true,
                  "d": [Function],
                  "keyMaker": KeyTrie {
                    "makeData": [Function],
                    "weakness": true,
                  },
                },
                "policies": Policies {
                  "cache": [Circular],
                  "config": Object {
                    "cache": [Circular],
                    "dataIdFromObject": [Function],
                    "possibleTypes": undefined,
                    "typePolicies": Object {},
                  },
                  "rootIdsByTypename": Object {
                    "Mutation": "ROOT_MUTATION",
                    "Query": "ROOT_QUERY",
                    "Subscription": "ROOT_SUBSCRIPTION",
                  },
                  "rootTypenamesById": Object {
                    "ROOT_MUTATION": "Mutation",
                    "ROOT_QUERY": "Query",
                    "ROOT_SUBSCRIPTION": "Subscription",
                  },
                  "storageTrie": KeyTrie {
                    "makeData": [Function],
                    "weakness": true,
                  },
                  "typePolicies": Object {},
                  "usingPossibleTypes": false,
                },
                "refs": Object {},
                "rootIds": Object {},
                "sharedLayerGroup": CacheGroup {
                  "caching": true,
                  "d": [Function],
                  "keyMaker": KeyTrie {
                    "makeData": [Function],
                    "weakness": true,
                  },
                },
                "toReference": [Function],
              },
              "policies": Policies {
                "cache": [Circular],
                "config": Object {
                  "cache": [Circular],
                  "dataIdFromObject": [Function],
                  "possibleTypes": undefined,
                  "typePolicies": Object {},
                },
                "rootIdsByTypename": Object {
                  "Mutation": "ROOT_MUTATION",
                  "Query": "ROOT_QUERY",
                  "Subscription": "ROOT_SUBSCRIPTION",
                },
                "rootTypenamesById": Object {
                  "ROOT_MUTATION": "Mutation",
                  "ROOT_QUERY": "Query",
                  "ROOT_SUBSCRIPTION": "Subscription",
                },
                "storageTrie": KeyTrie {
                  "makeData": [Function],
                  "weakness": true,
                },
                "typePolicies": Object {},
                "usingPossibleTypes": false,
              },
              "storeReader": StoreReader {
                "config": Object {
                  "addTypename": false,
                  "cache": [Circular],
                },
                "executeSelectionSet": [Function],
                "executeSubSelectedArray": [Function],
                "knownResults": WeakMap {},
              },
              "storeWriter": StoreWriter {
                "cache": [Circular],
                "reader": StoreReader {
                  "config": Object {
                    "addTypename": false,
                    "cache": [Circular],
                  },
                  "executeSelectionSet": [Function],
                  "executeSubSelectedArray": [Function],
                  "knownResults": WeakMap {},
                },
              },
              "txCount": 0,
              "typenameDocumentCache": Map {},
              "watchDep": [Function],
              "watches": Set {},
            },
            "client": [Circular],
          },
          "mutate": [Function],
          "query": [Function],
          "queryDeduplication": true,
          "queryManager": QueryManager {
            "assumeImmutableResults": false,
            "cache": InMemoryCache {
              "addTypename": false,
              "config": Object {
                "addTypename": false,
                "dataIdFromObject": [Function],
                "resultCaching": true,
                "typePolicies": Object {},
              },
              "data": Root {
                "canRead": [Function],
                "data": Object {},
                "getFieldValue": [Function],
                "group": CacheGroup {
                  "caching": true,
                  "d": [Function],
                  "keyMaker": KeyTrie {
                    "makeData": [Function],
                    "weakness": true,
                  },
                },
                "policies": Policies {
                  "cache": [Circular],
                  "config": Object {
                    "cache": [Circular],
                    "dataIdFromObject": [Function],
                    "possibleTypes": undefined,
                    "typePolicies": Object {},
                  },
                  "rootIdsByTypename": Object {
                    "Mutation": "ROOT_MUTATION",
                    "Query": "ROOT_QUERY",
                    "Subscription": "ROOT_SUBSCRIPTION",
                  },
                  "rootTypenamesById": Object {
                    "ROOT_MUTATION": "Mutation",
                    "ROOT_QUERY": "Query",
                    "ROOT_SUBSCRIPTION": "Subscription",
                  },
                  "storageTrie": KeyTrie {
                    "makeData": [Function],
                    "weakness": true,
                  },
                  "typePolicies": Object {},
                  "usingPossibleTypes": false,
                },
                "refs": Object {},
                "rootIds": Object {},
                "sharedLayerGroup": CacheGroup {
                  "caching": true,
                  "d": [Function],
                  "keyMaker": KeyTrie {
                    "makeData": [Function],
                    "weakness": true,
                  },
                },
                "toReference": [Function],
              },
              "getFragmentDoc": [Function],
              "makeVar": [Function],
              "maybeBroadcastWatch": [Function],
              "optimisticData": Root {
                "canRead": [Function],
                "data": Object {},
                "getFieldValue": [Function],
                "group": CacheGroup {
                  "caching": true,
                  "d": [Function],
                  "keyMaker": KeyTrie {
                    "makeData": [Function],
                    "weakness": true,
                  },
                },
                "policies": Policies {
                  "cache": [Circular],
                  "config": Object {
                    "cache": [Circular],
                    "dataIdFromObject": [Function],
                    "possibleTypes": undefined,
                    "typePolicies": Object {},
                  },
                  "rootIdsByTypename": Object {
                    "Mutation": "ROOT_MUTATION",
                    "Query": "ROOT_QUERY",
                    "Subscription": "ROOT_SUBSCRIPTION",
                  },
                  "rootTypenamesById": Object {
                    "ROOT_MUTATION": "Mutation",
                    "ROOT_QUERY": "Query",
                    "ROOT_SUBSCRIPTION": "Subscription",
                  },
                  "storageTrie": KeyTrie {
                    "makeData": [Function],
                    "weakness": true,
                  },
                  "typePolicies": Object {},
                  "usingPossibleTypes": false,
                },
                "refs": Object {},
                "rootIds": Object {},
                "sharedLayerGroup": CacheGroup {
                  "caching": true,
                  "d": [Function],
                  "keyMaker": KeyTrie {
                    "makeData": [Function],
                    "weakness": true,
                  },
                },
                "toReference": [Function],
              },
              "policies": Policies {
                "cache": [Circular],
                "config": Object {
                  "cache": [Circular],
                  "dataIdFromObject": [Function],
                  "possibleTypes": undefined,
                  "typePolicies": Object {},
                },
                "rootIdsByTypename": Object {
                  "Mutation": "ROOT_MUTATION",
                  "Query": "ROOT_QUERY",
                  "Subscription": "ROOT_SUBSCRIPTION",
                },
                "rootTypenamesById": Object {
                  "ROOT_MUTATION": "Mutation",
                  "ROOT_QUERY": "Query",
                  "ROOT_SUBSCRIPTION": "Subscription",
                },
                "storageTrie": KeyTrie {
                  "makeData": [Function],
                  "weakness": true,
                },
                "typePolicies": Object {},
                "usingPossibleTypes": false,
              },
              "storeReader": StoreReader {
                "config": Object {
                  "addTypename": false,
                  "cache": [Circular],
                },
                "executeSelectionSet": [Function],
                "executeSubSelectedArray": [Function],
                "knownResults": WeakMap {},
              },
              "storeWriter": StoreWriter {
                "cache": [Circular],
                "reader": StoreReader {
                  "config": Object {
                    "addTypename": false,
                    "cache": [Circular],
                  },
                  "executeSelectionSet": [Function],
                  "executeSubSelectedArray": [Function],
                  "knownResults": WeakMap {},
                },
              },
              "txCount": 0,
              "typenameDocumentCache": Map {},
              "watchDep": [Function],
              "watches": Set {},
            },
            "clientAwareness": Object {
              "name": undefined,
              "version": undefined,
            },
            "fetchCancelFns": Map {},
            "inFlightLinkObservables": Map {},
            "link": MockLink {
              "addTypename": false,
              "mockedResponsesByKey": Object {
                "{\\"query\\":\\"mutation CreateRuntime($input: CreateRuntimeInput!) {\\\\n  createRuntime(input: $input) {\\\\n    id\\\\n    name\\\\n    description\\\\n    status\\\\n    creationDate\\\\n    creationAuthor {\\\\n      id\\\\n      email\\\\n    }\\\\n    publishedVersion {\\\\n      status\\\\n    }\\\\n  }\\\\n}\\\\n\\"}": Array [
                  Object {
                    "request": Object {
                      "query": Object {
                        "definitions": Array [
                          Object {
                            "directives": Array [],
                            "kind": "OperationDefinition",
                            "name": Object {
                              "kind": "Name",
                              "value": "CreateRuntime",
                            },
                            "operation": "mutation",
                            "selectionSet": Object {
                              "kind": "SelectionSet",
                              "selections": Array [
                                Object {
                                  "arguments": Array [
                                    Object {
                                      "kind": "Argument",
                                      "name": Object {
                                        "kind": "Name",
                                        "value": "input",
                                      },
                                      "value": Object {
                                        "kind": "Variable",
                                        "name": Object {
                                          "kind": "Name",
                                          "value": "input",
                                        },
                                      },
                                    },
                                  ],
                                  "directives": Array [],
                                  "kind": "Field",
                                  "name": Object {
                                    "kind": "Name",
                                    "value": "createRuntime",
                                  },
                                  "selectionSet": Object {
                                    "kind": "SelectionSet",
                                    "selections": Array [
                                      Object {
                                        "arguments": Array [],
                                        "directives": Array [],
                                        "kind": "Field",
                                        "name": Object {
                                          "kind": "Name",
                                          "value": "id",
                                        },
                                      },
                                      Object {
                                        "arguments": Array [],
                                        "directives": Array [],
                                        "kind": "Field",
                                        "name": Object {
                                          "kind": "Name",
                                          "value": "name",
                                        },
                                      },
                                      Object {
                                        "arguments": Array [],
                                        "directives": Array [],
                                        "kind": "Field",
                                        "name": Object {
                                          "kind": "Name",
                                          "value": "description",
                                        },
                                      },
                                      Object {
                                        "arguments": Array [],
                                        "directives": Array [],
                                        "kind": "Field",
                                        "name": Object {
                                          "kind": "Name",
                                          "value": "status",
                                        },
                                      },
                                      Object {
                                        "arguments": Array [],
                                        "directives": Array [],
                                        "kind": "Field",
                                        "name": Object {
                                          "kind": "Name",
                                          "value": "creationDate",
                                        },
                                      },
                                      Object {
                                        "arguments": Array [],
                                        "directives": Array [],
                                        "kind": "Field",
                                        "name": Object {
                                          "kind": "Name",
                                          "value": "creationAuthor",
                                        },
                                        "selectionSet": Object {
                                          "kind": "SelectionSet",
                                          "selections": Array [
                                            Object {
                                              "arguments": Array [],
                                              "directives": Array [],
                                              "kind": "Field",
                                              "name": Object {
                                                "kind": "Name",
                                                "value": "id",
                                              },
                                            },
                                            Object {
                                              "arguments": Array [],
                                              "directives": Array [],
                                              "kind": "Field",
                                              "name": Object {
                                                "kind": "Name",
                                                "value": "email",
                                              },
                                            },
                                          ],
                                        },
                                      },
                                      Object {
                                        "arguments": Array [],
                                        "directives": Array [],
                                        "kind": "Field",
                                        "name": Object {
                                          "kind": "Name",
                                          "value": "publishedVersion",
                                        },
                                        "selectionSet": Object {
                                          "kind": "SelectionSet",
                                          "selections": Array [
                                            Object {
                                              "arguments": Array [],
                                              "directives": Array [],
                                              "kind": "Field",
                                              "name": Object {
                                                "kind": "Name",
                                                "value": "status",
                                              },
                                            },
                                          ],
                                        },
                                      },
                                    ],
                                  },
                                },
                              ],
                            },
                            "variableDefinitions": Array [
                              Object {
                                "directives": Array [],
                                "kind": "VariableDefinition",
                                "type": Object {
                                  "kind": "NonNullType",
                                  "type": Object {
                                    "kind": "NamedType",
                                    "name": Object {
                                      "kind": "Name",
                                      "value": "CreateRuntimeInput",
                                    },
                                  },
                                },
                                "variable": Object {
                                  "kind": "Variable",
                                  "name": Object {
                                    "kind": "Name",
                                    "value": "input",
                                  },
                                },
                              },
                            ],
                          },
                        ],
                        "kind": "Document",
                        "loc": Object {
                          "end": 243,
                          "source": Object {
                            "body": "mutation CreateRuntime($input: CreateRuntimeInput!) {
  createRuntime(input: $input) {
    id
    name
    description
    status
    creationDate
    creationAuthor {
      id
      email
    }
    publishedVersion {
      status
    }
  }
}
",
                            "locationOffset": Object {
                              "column": 1,
                              "line": 1,
                            },
                            "name": "GraphQL request",
                          },
                          "start": 0,
                        },
                      },
                      "variables": Object {
                        "input": Object {
                          "name": "New Runtime",
                        },
                      },
                    },
                    "result": Object {
                      "data": Object {
                        "createRuntime": Object {
                          "name": "some name",
                        },
                      },
                    },
                  },
                ],
                "{\\"query\\":\\"query GetMe {\\\\n  me {\\\\n    id\\\\n    email\\\\n    accessLevel\\\\n  }\\\\n}\\\\n\\"}": Array [
                  Object {
                    "request": Object {
                      "query": Object {
                        "definitions": Array [
                          Object {
                            "directives": Array [],
                            "kind": "OperationDefinition",
                            "name": Object {
                              "kind": "Name",
                              "value": "GetMe",
                            },
                            "operation": "query",
                            "selectionSet": Object {
                              "kind": "SelectionSet",
                              "selections": Array [
                                Object {
                                  "arguments": Array [],
                                  "directives": Array [],
                                  "kind": "Field",
                                  "name": Object {
                                    "kind": "Name",
                                    "value": "me",
                                  },
                                  "selectionSet": Object {
                                    "kind": "SelectionSet",
                                    "selections": Array [
                                      Object {
                                        "arguments": Array [],
                                        "directives": Array [],
                                        "kind": "Field",
                                        "name": Object {
                                          "kind": "Name",
                                          "value": "id",
                                        },
                                      },
                                      Object {
                                        "arguments": Array [],
                                        "directives": Array [],
                                        "kind": "Field",
                                        "name": Object {
                                          "kind": "Name",
                                          "value": "email",
                                        },
                                      },
                                      Object {
                                        "arguments": Array [],
                                        "directives": Array [],
                                        "kind": "Field",
                                        "name": Object {
                                          "kind": "Name",
                                          "value": "accessLevel",
                                        },
                                      },
                                    ],
                                  },
                                },
                              ],
                            },
                            "variableDefinitions": Array [],
                          },
                        ],
                        "kind": "Document",
                        "loc": Object {
                          "end": 60,
                          "source": Object {
                            "body": "query GetMe {
  me {
    id
    email
    accessLevel
  }
}
",
                            "locationOffset": Object {
                              "column": 1,
                              "line": 1,
                            },
                            "name": "GraphQL request",
                          },
                          "start": 0,
                        },
                      },
                    },
                    "result": Object {
                      "data": Object {
                        "me": Object {
                          "accessLevel": "ADMIN",
                          "email": "user@konstellation.com",
                          "id": "someId",
                        },
                      },
                    },
                  },
                ],
                "{\\"query\\":\\"query GetRuntimes {\\\\n  runtimes {\\\\n    id\\\\n    name\\\\n    description\\\\n    status\\\\n    creationDate\\\\n    publishedVersion {\\\\n      status\\\\n    }\\\\n  }\\\\n}\\\\n\\"}": Array [
                  Object {
                    "request": Object {
                      "query": Object {
                        "definitions": Array [
                          Object {
                            "directives": Array [],
                            "kind": "OperationDefinition",
                            "name": Object {
                              "kind": "Name",
                              "value": "GetRuntimes",
                            },
                            "operation": "query",
                            "selectionSet": Object {
                              "kind": "SelectionSet",
                              "selections": Array [
                                Object {
                                  "arguments": Array [],
                                  "directives": Array [],
                                  "kind": "Field",
                                  "name": Object {
                                    "kind": "Name",
                                    "value": "runtimes",
                                  },
                                  "selectionSet": Object {
                                    "kind": "SelectionSet",
                                    "selections": Array [
                                      Object {
                                        "arguments": Array [],
                                        "directives": Array [],
                                        "kind": "Field",
                                        "name": Object {
                                          "kind": "Name",
                                          "value": "id",
                                        },
                                      },
                                      Object {
                                        "arguments": Array [],
                                        "directives": Array [],
                                        "kind": "Field",
                                        "name": Object {
                                          "kind": "Name",
                                          "value": "name",
                                        },
                                      },
                                      Object {
                                        "arguments": Array [],
                                        "directives": Array [],
                                        "kind": "Field",
                                        "name": Object {
                                          "kind": "Name",
                                          "value": "description",
                                        },
                                      },
                                      Object {
                                        "arguments": Array [],
                                        "directives": Array [],
                                        "kind": "Field",
                                        "name": Object {
                                          "kind": "Name",
                                          "value": "status",
                                        },
                                      },
                                      Object {
                                        "arguments": Array [],
                                        "directives": Array [],
                                        "kind": "Field",
                                        "name": Object {
                                          "kind": "Name",
                                          "value": "creationDate",
                                        },
                                      },
                                      Object {
                                        "arguments": Array [],
                                        "directives": Array [],
                                        "kind": "Field",
                                        "name": Object {
                                          "kind": "Name",
                                          "value": "publishedVersion",
                                        },
                                        "selectionSet": Object {
                                          "kind": "SelectionSet",
                                          "selections": Array [
                                            Object {
                                              "arguments": Array [],
                                              "directives": Array [],
                                              "kind": "Field",
                                              "name": Object {
                                                "kind": "Name",
                                                "value": "status",
                                              },
                                            },
                                          ],
                                        },
                                      },
                                    ],
                                  },
                                },
                              ],
                            },
                            "variableDefinitions": Array [],
                          },
                        ],
                        "kind": "Document",
                        "loc": Object {
                          "end": 141,
                          "source": Object {
                            "body": "query GetRuntimes {
  runtimes {
    id
    name
    description
    status
    creationDate
    publishedVersion {
      status
    }
  }
}
",
                            "locationOffset": Object {
                              "column": 1,
                              "line": 1,
                            },
                            "name": "GraphQL request",
                          },
                          "start": 0,
                        },
                      },
                    },
                    "result": Object {
                      "data": Object {
                        "runtimes": Array [
                          Object {
                            "creationAuthor": Object {
                              "email": "some@user.com",
                            },
                            "creationDate": "2019-11-28T15:28:01+00:00",
                            "description": "Some Description",
                            "id": "00001",
                            "name": "Some Name",
                            "publishedVersion": Object {
                              "status": "STARTED",
                            },
                            "status": "STARTED",
                          },
                          Object {
                            "creationAuthor": Object {
                              "email": "some@user.com",
                            },
                            "creationDate": "2019-11-27T15:28:01+00:00",
                            "description": "Some Other Description",
                            "id": "00002",
                            "name": "Some Other Name",
                            "publishedVersion": Object {
                              "status": "STARTED",
                            },
                            "status": "STARTED",
                          },
                          Object {
                            "creationAuthor": Object {
                              "email": "some@user.com",
                            },
                            "creationDate": "2019-11-27T15:28:01+00:00",
                            "description": "Some Description",
                            "id": "00003",
                            "name": "Creating runtime",
                            "publishedVersion": Object {
                              "status": "CREATING",
                            },
                            "status": "CREATING",
                          },
                        ],
                      },
                    },
                  },
                ],
              },
            },
            "localState": LocalState {
              "cache": InMemoryCache {
                "addTypename": false,
                "config": Object {
                  "addTypename": false,
                  "dataIdFromObject": [Function],
                  "resultCaching": true,
                  "typePolicies": Object {},
                },
                "data": Root {
                  "canRead": [Function],
                  "data": Object {},
                  "getFieldValue": [Function],
                  "group": CacheGroup {
                    "caching": true,
                    "d": [Function],
                    "keyMaker": KeyTrie {
                      "makeData": [Function],
                      "weakness": true,
                    },
                  },
                  "policies": Policies {
                    "cache": [Circular],
                    "config": Object {
                      "cache": [Circular],
                      "dataIdFromObject": [Function],
                      "possibleTypes": undefined,
                      "typePolicies": Object {},
                    },
                    "rootIdsByTypename": Object {
                      "Mutation": "ROOT_MUTATION",
                      "Query": "ROOT_QUERY",
                      "Subscription": "ROOT_SUBSCRIPTION",
                    },
                    "rootTypenamesById": Object {
                      "ROOT_MUTATION": "Mutation",
                      "ROOT_QUERY": "Query",
                      "ROOT_SUBSCRIPTION": "Subscription",
                    },
                    "storageTrie": KeyTrie {
                      "makeData": [Function],
                      "weakness": true,
                    },
                    "typePolicies": Object {},
                    "usingPossibleTypes": false,
                  },
                  "refs": Object {},
                  "rootIds": Object {},
                  "sharedLayerGroup": CacheGroup {
                    "caching": true,
                    "d": [Function],
                    "keyMaker": KeyTrie {
                      "makeData": [Function],
                      "weakness": true,
                    },
                  },
                  "toReference": [Function],
                },
                "getFragmentDoc": [Function],
                "makeVar": [Function],
                "maybeBroadcastWatch": [Function],
                "optimisticData": Root {
                  "canRead": [Function],
                  "data": Object {},
                  "getFieldValue": [Function],
                  "group": CacheGroup {
                    "caching": true,
                    "d": [Function],
                    "keyMaker": KeyTrie {
                      "makeData": [Function],
                      "weakness": true,
                    },
                  },
                  "policies": Policies {
                    "cache": [Circular],
                    "config": Object {
                      "cache": [Circular],
                      "dataIdFromObject": [Function],
                      "possibleTypes": undefined,
                      "typePolicies": Object {},
                    },
                    "rootIdsByTypename": Object {
                      "Mutation": "ROOT_MUTATION",
                      "Query": "ROOT_QUERY",
                      "Subscription": "ROOT_SUBSCRIPTION",
                    },
                    "rootTypenamesById": Object {
                      "ROOT_MUTATION": "Mutation",
                      "ROOT_QUERY": "Query",
                      "ROOT_SUBSCRIPTION": "Subscription",
                    },
                    "storageTrie": KeyTrie {
                      "makeData": [Function],
                      "weakness": true,
                    },
                    "typePolicies": Object {},
                    "usingPossibleTypes": false,
                  },
                  "refs": Object {},
                  "rootIds": Object {},
                  "sharedLayerGroup": CacheGroup {
                    "caching": true,
                    "d": [Function],
                    "keyMaker": KeyTrie {
                      "makeData": [Function],
                      "weakness": true,
                    },
                  },
                  "toReference": [Function],
                },
                "policies": Policies {
                  "cache": [Circular],
                  "config": Object {
                    "cache": [Circular],
                    "dataIdFromObject": [Function],
                    "possibleTypes": undefined,
                    "typePolicies": Object {},
                  },
                  "rootIdsByTypename": Object {
                    "Mutation": "ROOT_MUTATION",
                    "Query": "ROOT_QUERY",
                    "Subscription": "ROOT_SUBSCRIPTION",
                  },
                  "rootTypenamesById": Object {
                    "ROOT_MUTATION": "Mutation",
                    "ROOT_QUERY": "Query",
                    "ROOT_SUBSCRIPTION": "Subscription",
                  },
                  "storageTrie": KeyTrie {
                    "makeData": [Function],
                    "weakness": true,
                  },
                  "typePolicies": Object {},
                  "usingPossibleTypes": false,
                },
                "storeReader": StoreReader {
                  "config": Object {
                    "addTypename": false,
                    "cache": [Circular],
                  },
                  "executeSelectionSet": [Function],
                  "executeSubSelectedArray": [Function],
                  "knownResults": WeakMap {},
                },
                "storeWriter": StoreWriter {
                  "cache": [Circular],
                  "reader": StoreReader {
                    "config": Object {
                      "addTypename": false,
                      "cache": [Circular],
                    },
                    "executeSelectionSet": [Function],
                    "executeSubSelectedArray": [Function],
                    "knownResults": WeakMap {},
                  },
                },
                "txCount": 0,
                "typenameDocumentCache": Map {},
                "watchDep": [Function],
                "watches": Set {},
              },
              "client": [Circular],
            },
            "mutationIdCounter": 1,
            "mutationStore": MutationStore {
              "store": Object {},
            },
            "onBroadcast": [Function],
            "queries": Map {},
            "queryDeduplication": true,
            "queryIdCounter": 1,
            "requestIdCounter": 1,
            "ssrMode": false,
            "transformCache": WeakMap {},
          },
          "reFetchObservableQueries": [Function],
          "resetStore": [Function],
          "resetStoreCallbacks": Array [],
          "typeDefs": undefined,
          "version": "local",
          "watchQuery": [Function],
        }
      }
    >
      <AddRuntime>
        <div
          className="bg"
        >
          <div
            className="grid"
          >
            <div
              className="container"
            >
              <h1>
                Add Runtime
              </h1>
              <p
                className="subtitle"
              />
              <div
                className="content"
              >
                <tt
                  autoFocus={true}
                  helpText="0/40"
                  label="name"
                  maxLength={40}
                  onChange={[Function]}
                  onEnterKeyPress={[Function]}
                  whiteColor={true}
                >
                  <div
                    className="_3YFWF _3xRGA"
                  >
                    <R
                      text="name"
                    >
                      <label
                        className="_3JtYz"
                        data-testid="label"
                      >
                        NAME
                      </label>
                    </R>
                    <input
                      autoFocus={true}
                      className="_1ewky"
                      data-testid="input"
                      disabled={false}
                      maxLength={40}
                      onBlur={[Function]}
                      onChange={[Function]}
                      onKeyPress={[Function]}
                      placeholder=""
                      style={
                        Object {
                          "height": 40,
                        }
                      }
                      type="text"
                      value=""
                    />
                    <Q
                      message=""
                    >
                      <div
                        className="_2S4fx"
                      />
                    </Q>
                    <$
                      message="0/40"
                    >
                      <div
                        className="_19vo4 _5NOgA"
                        data-testid="help-message"
                      >
                        0/40
                      </div>
                    </$>
                  </div>
                </tt>
                <tt
                  helpText="0/15"
                  label="ID"
                  maxLength={15}
                  onChange={[Function]}
                  onEnterKeyPress={[Function]}
                  whiteColor={true}
                >
                  <div
                    className="_3YFWF _3xRGA"
                  >
                    <R
                      text="ID"
                    >
                      <label
                        className="_3JtYz"
                        data-testid="label"
                      >
                        ID
                      </label>
                    </R>
                    <input
                      autoFocus={false}
                      className="_1ewky"
                      data-testid="input"
                      disabled={false}
                      maxLength={15}
                      onBlur={[Function]}
                      onChange={[Function]}
                      onKeyPress={[Function]}
                      placeholder=""
                      style={
                        Object {
                          "height": 40,
                        }
                      }
                      type="text"
                      value=""
                    />
                    <Q
                      message=""
                    >
                      <div
                        className="_2S4fx"
                      />
                    </Q>
                    <$
                      message="0/15"
                    >
                      <div
                        className="_19vo4 _5NOgA"
                        data-testid="help-message"
                      >
                        0/15
                      </div>
                    </$>
                  </div>
                </tt>
                <tt
                  error=""
                  helpText="0/500"
                  label="description"
                  limits={
                    Object {
                      "maxHeight": 360,
                      "minHeight": 90,
                    }
                  }
                  lockHorizontalGrowth={true}
                  maxLength={500}
                  onChange={[Function]}
                  onEnterKeyPress={[Function]}
                  textArea={true}
                  whiteColor={true}
                >
                  <div
                    className="_3YFWF _3xRGA"
                  >
                    <R
                      text="description"
                    >
                      <label
                        className="_3JtYz"
                        data-testid="label"
                      >
                        DESCRIPTION
                      </label>
                    </R>
                    <textarea
                      autoFocus={false}
                      className="_1ewky _1LhFd"
                      data-testid="input"
                      disabled={false}
                      maxLength={500}
                      onBlur={[Function]}
                      onChange={[Function]}
                      onKeyPress={[Function]}
                      placeholder=""
                      style={
                        Object {
                          "maxHeight": 360,
                          "minHeight": 90,
                        }
                      }
                      type="text"
                      value=""
                    />
                    <Q
                      message=""
                    >
                      <div
                        className="_2S4fx"
                      />
                    </Q>
                    <$
                      message="0/500"
                    >
                      <div
                        className="_19vo4 _5NOgA"
                        data-testid="help-message"
                      >
                        0/500
                      </div>
                    </$>
                  </div>
                </tt>
                <div
                  className="buttons"
                >
                  <P
                    className="buttonSave"
                    label="SAVE"
                    loading={false}
                    onClick={[Function]}
                    primary={true}
                    tabIndex={0}
                  >
                    <div
                      className="buttonSave _1lqJX _3kQFd _pg7GC"
                      onClick={[Function]}
                      onKeyPress={[Function]}
                      style={
                        Object {
                          "height": 40,
                          "lineHeight": "40px",
                        }
                      }
                      tabIndex={0}
                      title=""
                    >
                      <span>
                        SAVE
                      </span>
                    </div>
                  </P>
                  <P
                    label="CANCEL"
                    onClick={[Function]}
                    tabIndex={0}
                  >
                    <div
                      className="_1lqJX _3kQFd _zeH0N"
                      onClick={[Function]}
                      onKeyPress={[Function]}
                      style={
                        Object {
                          "height": 40,
                          "lineHeight": "40px",
                        }
                      }
                      tabIndex={0}
                      title=""
                    >
                      <span>
                        CANCEL
                      </span>
                    </div>
                  </P>
                </div>
              </div>
            </div>
          </div>
        </div>
      </AddRuntime>
    </ApolloProvider>
  </MockedProvider>
</Wrapper>
`;
