// Jest Snapshot v1, https://goo.gl/fbAQLP

exports[`Render UserActivityList without crashing 1`] = `
<div>
  <div
    class="row"
    data-testid="userActivityListElement0"
  >
    <div
      class="userAndMessage"
    >
      <span
        class="userWithIcon"
      >
        <svg
          aria-hidden="true"
          class="MuiSvgIcon-root icon-regular"
          focusable="false"
          role="presentation"
          viewBox="0 0 24 24"
        >
          <path
            d="M20 4H4c-1.1 0-1.99.9-1.99 2L2 18c0 1.1.9 2 2 2h16c1.1 0 2-.9 2-2V6c0-1.1-.9-2-2-2zm0 4l-8 5-8-5V6l8 5 8-5v2z"
          />
        </svg>
        <p
          class="user"
        >
          user1@domain.com
        </p>
      </span>
      <p
        class="message"
      >
        Has logged in
      </p>
    </div>
    <div
      class="date"
    >
      <svg
        aria-hidden="true"
        class="MuiSvgIcon-root icon-regular"
        focusable="false"
        role="presentation"
        viewBox="0 0 24 24"
      >
        <path
          d="M11.99 2C6.47 2 2 6.48 2 12s4.47 10 9.99 10C17.52 22 22 17.52 22 12S17.52 2 11.99 2zM12 20c-4.42 0-8-3.58-8-8s3.58-8 8-8 8 3.58 8 8-3.58 8-8 8z"
        />
        <path
          d="M12.5 7H11v6l5.25 3.15.75-1.23-4.5-2.67z"
        />
      </svg>
      <p>
        Nov 28, 2019, 4:28 PM
      </p>
    </div>
  </div>
  <div
    class="row"
    data-testid="userActivityListElement1"
  >
    <div
      class="userAndMessage"
    >
      <span
        class="userWithIcon"
      >
        <svg
          aria-hidden="true"
          class="MuiSvgIcon-root icon-regular"
          focusable="false"
          role="presentation"
          viewBox="0 0 24 24"
        >
          <path
            d="M20 4H4c-1.1 0-1.99.9-1.99 2L2 18c0 1.1.9 2 2 2h16c1.1 0 2-.9 2-2V6c0-1.1-.9-2-2-2zm0 4l-8 5-8-5V6l8 5 8-5v2z"
          />
        </svg>
        <p
          class="user"
        >
          user2@domain.com
        </p>
      </span>
      <p
        class="message"
      >
        Has logged in
      </p>
    </div>
    <div
      class="date"
    >
      <svg
        aria-hidden="true"
        class="MuiSvgIcon-root icon-regular"
        focusable="false"
        role="presentation"
        viewBox="0 0 24 24"
      >
        <path
          d="M11.99 2C6.47 2 2 6.48 2 12s4.47 10 9.99 10C17.52 22 22 17.52 22 12S17.52 2 11.99 2zM12 20c-4.42 0-8-3.58-8-8s3.58-8 8-8 8 3.58 8 8-3.58 8-8 8z"
        />
        <path
          d="M12.5 7H11v6l5.25 3.15.75-1.23-4.5-2.67z"
        />
      </svg>
      <p>
        Nov 27, 2019, 4:28 PM
      </p>
    </div>
  </div>
  <div
    class="row"
    data-testid="userActivityListElement2"
  >
    <div
      class="userAndMessage"
    >
      <span
        class="userWithIcon"
      >
        <svg
          aria-hidden="true"
          class="MuiSvgIcon-root icon-regular"
          focusable="false"
          role="presentation"
          viewBox="0 0 24 24"
        >
          <path
            d="M20 4H4c-1.1 0-1.99.9-1.99 2L2 18c0 1.1.9 2 2 2h16c1.1 0 2-.9 2-2V6c0-1.1-.9-2-2-2zm0 4l-8 5-8-5V6l8 5 8-5v2z"
          />
        </svg>
        <p
          class="user"
        >
          user3@domain.com
        </p>
      </span>
      <p
        class="message"
      >
        Has logged in
      </p>
    </div>
    <div
      class="date"
    >
      <svg
        aria-hidden="true"
        class="MuiSvgIcon-root icon-regular"
        focusable="false"
        role="presentation"
        viewBox="0 0 24 24"
      >
        <path
          d="M11.99 2C6.47 2 2 6.48 2 12s4.47 10 9.99 10C17.52 22 22 17.52 22 12S17.52 2 11.99 2zM12 20c-4.42 0-8-3.58-8-8s3.58-8 8-8 8 3.58 8 8-3.58 8-8 8z"
        />
        <path
          d="M12.5 7H11v6l5.25 3.15.75-1.23-4.5-2.67z"
        />
      </svg>
      <p>
        Nov 26, 2019, 4:28 PM
      </p>
    </div>
  </div>
</div>
`;
