// Jest Snapshot v1, https://goo.gl/fbAQLP

exports[`render TextInput without crashing 1`] = `
<div>
  <div
    class="container"
  >
    <label
      class="label"
      data-testid="label"
    />
    <input
      class="input"
      data-testid="input"
      placeholder=""
      style="height: 40px;"
      type="text"
      value=""
    />
    <div
      class="helpMessage"
      data-testid="help-message"
    />
  </div>
</div>
`;
