// Jest Snapshot v1, https://goo.gl/fbAQLP

exports[`RuntimeVersions matches snapshot 1`] = `
<div
  className="content"
>
  <Component>
    Versions of runtime 
    runtimeName
  </Component>
  <RuntimeInfo
    runtime={
      Object {
        "__typename": "Runtime",
        "creationAuthor": Object {
          "email": "some@user.com",
        },
        "description": "Some Description",
        "id": "runtimeId",
        "measurementsUrl": "measurementsUrl",
        "name": "runtimeName",
        "status": "STARTED",
      }
    }
  />
  <PublishedVersionStatus
    nPublishedVersions={0}
    noVersions={false}
  />
  <div
    className="versionList"
  >
    <VersionInfo
      key="versionId"
      version={
        Object {
          "__typename": "Version",
          "config": Object {
            "completed": false,
            "vars": Array [],
          },
          "creationAuthor": Object {
            "__typename": "User",
            "email": "user@domain.com",
            "id": "userId",
          },
          "creationDate": "2020/01/01",
          "description": "versionDescription",
          "errors": Array [],
          "hasDoc": false,
          "id": "versionId",
          "name": "versionName",
          "publicationAuthor": Object {
            "__typename": "User",
            "email": "user@domain.com",
            "id": "userId",
          },
          "publicationDate": "2020/01/01",
          "status": "STARTED",
        }
      }
    />
    <VersionInfo
      key="versionId"
      version={
        Object {
          "__typename": "Version",
          "config": Object {
            "completed": false,
            "vars": Array [],
          },
          "creationAuthor": Object {
            "__typename": "User",
            "email": "user@domain.com",
            "id": "userId",
          },
          "creationDate": "2020/01/01",
          "description": "versionDescription",
          "errors": Array [],
          "hasDoc": false,
          "id": "versionId",
          "name": "versionName",
          "publicationAuthor": Object {
            "__typename": "User",
            "email": "user@domain.com",
            "id": "userId",
          },
          "publicationDate": "2020/01/01",
          "status": "STARTED",
        }
      }
    />
  </div>
</div>
`;
