// Jest Snapshot v1, https://goo.gl/fbAQLP

exports[`VerifyEmail matches snapshot 1`] = `
<div
  className="bg"
>
  <div
    className="grid"
  >
    <div
      className="container"
    >
      <h1>
        Check your email
      </h1>
      <Circle
        animation="SUCCESS"
        label="DONE"
      >
        <Memo(ForwardRef(EmailIcon))
          className="emailIcon icon-huge"
        />
      </Circle>
      <p
        className="subtitle"
      >
        Please, check your email inbox and open the login link included.
      </p>
    </div>
  </div>
</div>
`;
