// Jest Snapshot v1, https://goo.gl/fbAQLP

exports[`Renders Alert without crashing 1`] = `
<div>
  <div
    class="container"
  >
    <div
      class="label error"
    >
      error
    </div>
    <div
      class="message"
      title="Sample message"
    >
      Sample message
    </div>
    <div
      class="btn default middle label"
      style="height: 40px; line-height: 40px;"
    >
      <span>
        GO TO RUNTIME
      </span>
    </div>
  </div>
</div>
`;
