// Jest Snapshot v1, https://goo.gl/fbAQLP

exports[`Renders Settings without crashing 1`] = `
<div>
  <div
    class="bg"
  >
    <div
      class="grid"
    >
      <div
        class="container"
      >
        <h1>
          Please
        </h1>
        <h1>
          enter your email address
        </h1>
        <div
          class="content"
        >
          <div
            class="container white"
          >
            <label
              class="label"
              data-testid="label"
            >
              EMAIL
            </label>
            <input
              class="input"
              data-testid="input"
              placeholder=""
              style="height: 40px;"
              type="text"
              value=""
            />
            
            <div
              class="errorMessage"
              data-testid="error-message"
            />
          </div>
          <div
            class="buttons"
          >
            <div
              class="btn default middle primary"
              style="height: 40px; line-height: 40px;"
            >
              <span>
                Send me a login link
              </span>
            </div>
          </div>
        </div>
      </div>
    </div>
  </div>
</div>
`;
