// Jest Snapshot v1, https://goo.gl/fbAQLP

exports[`Filters matches snapshot 1`] = `
<div
  className="container"
>
  <Right
    style="rightFilters"
  >
    <DateFilter
      onDateChange={[MockFunction]}
      selectedOption="2020-01-01"
    />
    <Button
      label="JUMP TO NOW"
    />
  </Right>
</div>
`;
