// Jest Snapshot v1, https://goo.gl/fbAQLP

exports[`LogItem matches snapshot 1`] = `
<div
  className="container"
>
  <div
    className="row1"
  >
    <div
      className="icon"
    >
      <InfoIcon
        className="icon-small"
      />
    </div>
    <div
      className="date"
    >
      2020-01-01
    </div>
    <div
      className="hour"
    >
      00:00:00
    </div>
    <div
      className="message"
    >
      some message
    </div>
    <div
      className="expand"
      onClick={[Function]}
    >
      <ArrowDownwardIcon
        className="icon-regular"
      />
    </div>
  </div>
</div>
`;
