// Jest Snapshot v1, https://goo.gl/fbAQLP

exports[`AdminListForm component should render without crashing 1`] = `
<div
  className="container"
>
  <FormField
    fieldName="FOO"
    icon={<React.Fragment />}
    onChange={[Function]}
    onSubmit={[Function]}
    value=""
  />
  <div
    className="items"
  >
    <ItemList
      data={
        Array [
          "foo",
          "bar",
          "baz",
          "qux",
        ]
      }
      error="error"
      loading={false}
      onRemoveItem={[Function]}
    />
  </div>
</div>
`;
