// Jest Snapshot v1, https://goo.gl/fbAQLP

exports[`Filters matches snapshot 1`] = `
<div
  className="container"
>
  <div
    className="leftFilters"
  >
    <div
      className="title"
    >
      Showing logs with the following filters:
    </div>
    <div
      className="filters"
    >
      <Filter
        filter="filter"
        key="filter"
        value="value"
      />
    </div>
  </div>
  <div
    className="rightFilters"
  >
    <DateFilter
      onDateChange={[MockFunction]}
      selectedOption="2020-01-01"
    />
  </div>
</div>
`;
