// Jest Snapshot v1, https://goo.gl/fbAQLP

exports[`RuntimeVersions matches snapshot 1`] = `
<div
  className="content"
>
  <Component>
    Versions of runtime 
    runtimeName
  </Component>
  <VersionsList
    hideNumberOnTitle={true}
    title="Published version"
    versions={Array []}
  />
  <VersionsList
    showAddVersionButton={true}
    title="All versions"
    versions={
      Array [
        Object {
          "__typename": "Version",
          "config": Object {
            "__typename": "VersionUserConfig",
            "completed": false,
          },
          "creationAuthor": Object {
            "__typename": "User",
            "email": "user@domain.com",
            "id": "userId",
          },
          "creationDate": "2020/01/01",
          "description": "versionDescription",
          "errors": Array [],
          "hasDoc": false,
          "id": "versionId",
          "name": "versionName",
          "publicationAuthor": Object {
            "__typename": "User",
            "email": "user@domain.com",
            "id": "userId",
          },
          "publicationDate": "2020/01/01",
          "status": "STARTED",
        },
        Object {
          "__typename": "Version",
          "config": Object {
            "__typename": "VersionUserConfig",
            "completed": false,
          },
          "creationAuthor": Object {
            "__typename": "User",
            "email": "user@domain.com",
            "id": "userId",
          },
          "creationDate": "2020/01/01",
          "description": "versionDescription",
          "errors": Array [],
          "hasDoc": false,
          "id": "versionId",
          "name": "versionName",
          "publicationAuthor": Object {
            "__typename": "User",
            "email": "user@domain.com",
            "id": "userId",
          },
          "publicationDate": "2020/01/01",
          "status": "STARTED",
        },
      ]
    }
  />
</div>
`;
