// Jest Snapshot v1, https://goo.gl/fbAQLP

exports[`VersionActions matches snapshot 1`] = `
<div
  className="wrapper"
>
  <P
    Icon={
      Object {
        "$$typeof": Symbol(react.memo),
        "compare": null,
        "type": Object {
          "$$typeof": Symbol(react.forward_ref),
          "render": [Function],
        },
      }
    }
    iconSize="icon-regular"
    key="STOP"
    label="STOP"
    onClick={[Function]}
    style={
      Object {
        "flexGrow": 1,
      }
    }
    theme="default"
    title=""
  />
  <P
    Icon={
      Object {
        "$$typeof": Symbol(react.memo),
        "compare": null,
        "type": Object {
          "$$typeof": Symbol(react.forward_ref),
          "render": [Function],
        },
      }
    }
    iconSize="icon-regular"
    key="PUBLISH"
    label="PUBLISH"
    onClick={[Function]}
    primary={true}
    style={
      Object {
        "flexGrow": 1,
      }
    }
    theme="default"
    title=""
  />
</div>
`;
